Archive member included to satisfy reference by file (symbol)

C:/nxp/MCUXpressoIDE_25.6.136/ide/plugins/com.nxp.mcuxpresso.tools.win32_25.6.0.202501151204/tools/bin/../lib/gcc/arm-none-eabi/14.2.1/../../../../arm-none-eabi/lib/thumb/v7e-m+fp/hard\libcr_nohost_nf.a(_cr__main.o)
                              ./startup/startup_mk64f12.o (__main)
C:/nxp/MCUXpressoIDE_25.6.136/ide/plugins/com.nxp.mcuxpresso.tools.win32_25.6.0.202501151204/tools/bin/../lib/gcc/arm-none-eabi/14.2.1/../../../../arm-none-eabi/lib/thumb/v7e-m+fp/hard\libcr_c.a(memcpy.o)
                              ./utilities/fsl_debug_console.o (memcpy)
C:/nxp/MCUXpressoIDE_25.6.136/ide/plugins/com.nxp.mcuxpresso.tools.win32_25.6.0.202501151204/tools/bin/../lib/gcc/arm-none-eabi/14.2.1/../../../../arm-none-eabi/lib/thumb/v7e-m+fp/hard\libcr_c.a(memset.o)
                              ./drivers/fsl_enet.o (memset)
C:/nxp/MCUXpressoIDE_25.6.136/ide/plugins/com.nxp.mcuxpresso.tools.win32_25.6.0.202501151204/tools/bin/../lib/gcc/arm-none-eabi/14.2.1/../../../../arm-none-eabi/lib/thumb/v7e-m+fp/hard\libcr_c.a(alloc.o)
                              ./source/enet_txrx_transfer.o (malloc)
C:/nxp/MCUXpressoIDE_25.6.136/ide/plugins/com.nxp.mcuxpresso.tools.win32_25.6.0.202501151204/tools/bin/../lib/gcc/arm-none-eabi/14.2.1/../../../../arm-none-eabi/lib/thumb/v7e-m+fp/hard\libcr_c.a(initio.o)
                              C:/nxp/MCUXpressoIDE_25.6.136/ide/plugins/com.nxp.mcuxpresso.tools.win32_25.6.0.202501151204/tools/bin/../lib/gcc/arm-none-eabi/14.2.1/../../../../arm-none-eabi/lib/thumb/v7e-m+fp/hard\libcr_nohost_nf.a(_cr__main.o) (_initio)
C:/nxp/MCUXpressoIDE_25.6.136/ide/plugins/com.nxp.mcuxpresso.tools.win32_25.6.0.202501151204/tools/bin/../lib/gcc/arm-none-eabi/14.2.1/../../../../arm-none-eabi/lib/thumb/v7e-m+fp/hard\libcr_c.a(setvbuf.o)
                              C:/nxp/MCUXpressoIDE_25.6.136/ide/plugins/com.nxp.mcuxpresso.tools.win32_25.6.0.202501151204/tools/bin/../lib/gcc/arm-none-eabi/14.2.1/../../../../arm-none-eabi/lib/thumb/v7e-m+fp/hard\libcr_c.a(initio.o) (setvbuf)
C:/nxp/MCUXpressoIDE_25.6.136/ide/plugins/com.nxp.mcuxpresso.tools.win32_25.6.0.202501151204/tools/bin/../lib/gcc/arm-none-eabi/14.2.1/../../../../arm-none-eabi/lib/thumb/v7e-m+fp/hard\libcr_c.a(strlen.o)
                              ./utilities/fsl_debug_console.o (strlen)
C:/nxp/MCUXpressoIDE_25.6.136/ide/plugins/com.nxp.mcuxpresso.tools.win32_25.6.0.202501151204/tools/bin/../lib/gcc/arm-none-eabi/14.2.1/../../../../arm-none-eabi/lib/thumb/v7e-m+fp/hard\libcr_c.a(__init_alloc.o)
                              C:/nxp/MCUXpressoIDE_25.6.136/ide/plugins/com.nxp.mcuxpresso.tools.win32_25.6.0.202501151204/tools/bin/../lib/gcc/arm-none-eabi/14.2.1/../../../../arm-none-eabi/lib/thumb/v7e-m+fp/hard\libcr_c.a(alloc.o) (__heaps)
C:/nxp/MCUXpressoIDE_25.6.136/ide/plugins/com.nxp.mcuxpresso.tools.win32_25.6.0.202501151204/tools/bin/../lib/gcc/arm-none-eabi/14.2.1/../../../../arm-none-eabi/lib/thumb/v7e-m+fp/hard\libcr_c.a(_cr_sbrk.o)
                              C:/nxp/MCUXpressoIDE_25.6.136/ide/plugins/com.nxp.mcuxpresso.tools.win32_25.6.0.202501151204/tools/bin/../lib/gcc/arm-none-eabi/14.2.1/../../../../arm-none-eabi/lib/thumb/v7e-m+fp/hard\libcr_c.a(alloc.o) (_sbrk)
C:/nxp/MCUXpressoIDE_25.6.136/ide/plugins/com.nxp.mcuxpresso.tools.win32_25.6.0.202501151204/tools/bin/../lib/gcc/arm-none-eabi/14.2.1/../../../../arm-none-eabi/lib/thumb/v7e-m+fp/hard\libcr_c.a(_fdopen.o)
                              C:/nxp/MCUXpressoIDE_25.6.136/ide/plugins/com.nxp.mcuxpresso.tools.win32_25.6.0.202501151204/tools/bin/../lib/gcc/arm-none-eabi/14.2.1/../../../../arm-none-eabi/lib/thumb/v7e-m+fp/hard\libcr_c.a(initio.o) (_fdopen)
C:/nxp/MCUXpressoIDE_25.6.136/ide/plugins/com.nxp.mcuxpresso.tools.win32_25.6.0.202501151204/tools/bin/../lib/gcc/arm-none-eabi/14.2.1/../../../../arm-none-eabi/lib/thumb/v7e-m+fp/hard\libcr_c.a(errno.o)
                              C:/nxp/MCUXpressoIDE_25.6.136/ide/plugins/com.nxp.mcuxpresso.tools.win32_25.6.0.202501151204/tools/bin/../lib/gcc/arm-none-eabi/14.2.1/../../../../arm-none-eabi/lib/thumb/v7e-m+fp/hard\libcr_c.a(_cr_sbrk.o) (errno)
C:/nxp/MCUXpressoIDE_25.6.136/ide/plugins/com.nxp.mcuxpresso.tools.win32_25.6.0.202501151204/tools/bin/../lib/gcc/arm-none-eabi/14.2.1/../../../../arm-none-eabi/lib/thumb/v7e-m+fp/hard\libcr_c.a(fclose.o)
                              C:/nxp/MCUXpressoIDE_25.6.136/ide/plugins/com.nxp.mcuxpresso.tools.win32_25.6.0.202501151204/tools/bin/../lib/gcc/arm-none-eabi/14.2.1/../../../../arm-none-eabi/lib/thumb/v7e-m+fp/hard\libcr_c.a(initio.o) (fclose)
C:/nxp/MCUXpressoIDE_25.6.136/ide/plugins/com.nxp.mcuxpresso.tools.win32_25.6.0.202501151204/tools/bin/../lib/gcc/arm-none-eabi/14.2.1/../../../../arm-none-eabi/lib/thumb/v7e-m+fp/hard\libcr_c.a(fflush.o)
[...]
Memory Configuration

Name             Origin             Length             Attributes
PROGRAM_FLASH    0x00000000         0x00100000         xr
SRAM_UPPER       0x20000000         0x00030000         xrw
SRAM_LOWER       0x1fff0000         0x00010000         xrw
FLEX_RAM         0x14000000         0x00001000         xrw
*default*        0x00000000         0xffffffff

Linker script and memory map

LOAD ./utilities/fsl_assert.o
LOAD ./utilities/fsl_debug_console.o
LOAD ./startup/startup_mk64f12.o
LOAD ./source/enet_txrx_transfer.o
LOAD ./source/semihost_hardfault.o
LOAD ./phy/fsl_phyksz8081.o
LOAD ./mdio/fsl_enet_mdio.o
LOAD ./drivers/fsl_clock.o
LOAD ./drivers/fsl_common.o
LOAD ./drivers/fsl_common_arm.o
LOAD ./drivers/fsl_enet.o
LOAD ./drivers/fsl_ftfx_cache.o
LOAD ./drivers/fsl_ftfx_controller.o
LOAD ./drivers/fsl_ftfx_flash.o
LOAD ./drivers/fsl_ftfx_flexnvm.o
LOAD ./drivers/fsl_gpio.o
LOAD ./drivers/fsl_sim.o
LOAD ./drivers/fsl_smc.o
LOAD ./drivers/fsl_sysmpu.o
LOAD ./drivers/fsl_uart.o
LOAD ./device/system_MK64F12.o
LOAD ./component/uart/fsl_adapter_uart.o
LOAD ./component/lists/fsl_component_generic_list.o
LOAD ./board/board.o
LOAD ./board/clock_config.o
LOAD ./board/pin_mux.o
START GROUP
LOAD C:/nxp/MCUXpressoIDE_25.6.136/ide/plugins/com.nxp.mcuxpresso.tools.win32_25.6.0.202501151204/tools/bin/../lib/gcc/arm-none-eabi/14.2.1/../../../../arm-none-eabi/lib/thumb/v7e-m+fp/hard\libcr_nohost_nf.a
LOAD C:/nxp/MCUXpressoIDE_25.6.136/ide/plugins/com.nxp.mcuxpresso.tools.win32_25.6.0.202501151204/tools/bin/../lib/gcc/arm-none-eabi/14.2.1/../../../../arm-none-eabi/lib/thumb/v7e-m+fp/hard\libcr_c.a
LOAD C:/nxp/MCUXpressoIDE_25.6.136/ide/plugins/com.nxp.mcuxpresso.tools.win32_25.6.0.202501151204/tools/bin/../lib/gcc/arm-none-eabi/14.2.1/thumb/v7e-m+fp/hard\libcr_eabihelpers.a
LOAD C:/nxp/MCUXpressoIDE_25.6.136/ide/plugins/com.nxp.mcuxpresso.tools.win32_25.6.0.202501151204/tools/bin/../lib/gcc/arm-none-eabi/14.2.1/thumb/v7e-m+fp/hard\libgcc.a
END GROUP
                0x00000000                        __base_PROGRAM_FLASH = 0x0
                0x00000000                        __base_Flash = 0x0
                0x00100000                        __top_PROGRAM_FLASH = 0x100000
                0x00100000                        __top_Flash = 0x100000
                0x20000000                        __base_SRAM_UPPER = 0x20000000
                0x20000000                        __base_RAM = 0x20000000
                0x20030000                        __top_SRAM_UPPER = 0x20030000
                0x20030000                        __top_RAM = 0x20030000
                0x1fff0000                        __base_SRAM_LOWER = 0x1fff0000
                0x1fff0000                        __base_RAM2 = 0x1fff0000
                0x20000000                        __top_SRAM_LOWER = 0x20000000
                0x20000000                        __top_RAM2 = 0x20000000
                0x14000000                        __base_FLEX_RAM = 0x14000000
                0x14000000                        __base_RAM3 = 0x14000000
                0x14001000                        __top_FLEX_RAM = 0x14001000
                0x14001000                        __top_RAM3 = 0x14001000

.text           0x00000000     0x6980
 FILL mask 0xff
                0x00000000                        __vectors_start__ = ABSOLUTE (.)
 *(SORT_BY_ALIGNMENT(.isr_vector))
 .isr_vector    0x00000000      0x198 ./startup/startup_mk64f12.o
                0x00000000                g_pfnVectors
                0x00000000                __Vectors
                0x00000198                        . = ALIGN (0x4)
                0x00000198                        __section_table_start = .
                0x00000198                        __data_section_table = .
                0x00000198        0x4 LONG 0x6980 LOADADDR (.data)
                0x0000019c        0x4 LONG 0x20000000 ADDR (.data)
                0x000001a0        0x4 LONG 0x38 SIZEOF (.data)
                0x000001a4        0x4 LONG 0x6980 LOADADDR (.data_RAM2)
                0x000001a8        0x4 LONG 0x1fff0000 ADDR (.data_RAM2)
                0x000001ac        0x4 LONG 0x0 SIZEOF (.data_RAM2)
                0x000001b0        0x4 LONG 0x6980 LOADADDR (.data_RAM3)
                0x000001b4        0x4 LONG 0x14000000 ADDR (.data_RAM3)
                0x000001b8        0x4 LONG 0x0 SIZEOF (.data_RAM3)
                0x000001bc                        __data_section_table_end = .
                0x000001bc                        __bss_section_table = .
                0x000001bc        0x4 LONG 0x20000040 ADDR (.bss)
                0x000001c0        0x4 LONG 0x3548 SIZEOF (.bss)
                0x000001c4        0x4 LONG 0x1fff0000 ADDR (.bss_RAM2)
                0x000001c8        0x4 LONG 0x0 SIZEOF (.bss_RAM2)
                0x000001cc        0x4 LONG 0x14000000 ADDR (.bss_RAM3)
                0x000001d0        0x4 LONG 0x0 SIZEOF (.bss_RAM3)
                0x000001d4                        __bss_section_table_end = .
                0x000001d4                        __section_table_end = .
 *(SORT_BY_ALIGNMENT(.after_vectors*))
 .after_vectors.reset
                0x000001d4       0x4c ./startup/startup_mk64f12.o
                0x000001d4                ResetISR
 .after_vectors.init_data
                0x00000220       0x1e ./startup/startup_mk64f12.o
                0x00000220                data_init
 .after_vectors.init_bss
                0x0000023e       0x12 ./startup/startup_mk64f12.o
                0x0000023e                bss_init
 .after_vectors
                0x00000250       0x14 ./startup/startup_mk64f12.o
                0x00000250                NMI_Handler
                0x00000254                MemManage_Handler
                0x00000256                BusFault_Handler
                0x00000258                UsageFault_Handler
                0x0000025a                SVC_Handler
                0x0000025c                DebugMon_Handler
                0x0000025e                PendSV_Handler
                0x00000260                SysTick_Handler
                0x00000262                DMA_Error_DriverIRQHandler
                0x00000262                LPTMR0_DriverIRQHandler
                0x00000262                FTM1_DriverIRQHandler
                0x00000262                FTM2_DriverIRQHandler
                0x00000262                PIT2_DriverIRQHandler
                0x00000262                SDHC_DriverIRQHandler
                0x00000262                I2S0_Tx_DriverIRQHandler
                0x00000262                RTC_Seconds_DriverIRQHandler
                0x00000262                DMA6_DriverIRQHandler
                0x00000262                LLWU_DriverIRQHandler
                0x00000262                MCM_DriverIRQHandler
                0x00000262                MCG_DriverIRQHandler
                0x00000262                I2C2_DriverIRQHandler
                0x00000262                DAC1_DriverIRQHandler
                0x00000262                SPI1_DriverIRQHandler
                0x00000262                CMP1_DriverIRQHandler
                0x00000262                FTM0_DriverIRQHandler
                0x00000262                IntDefaultHandler
                0x00000262                USB0_DriverIRQHandler
                0x00000262                UART5_ERR_DriverIRQHandler
                0x00000262                PORTC_DriverIRQHandler
                0x00000262                DMA11_DriverIRQHandler
                0x00000262                DAC0_DriverIRQHandler
                0x00000262                DMA10_DriverIRQHandler
                0x00000262                CMP2_DriverIRQHandler
                0x00000262                UART2_ERR_DriverIRQHandler
                0x00000262                SPI2_DriverIRQHandler
                0x00000262                LVD_LVW_DriverIRQHandler
                0x00000262                DMA12_DriverIRQHandler
                0x00000262                RNG_DriverIRQHandler
                0x00000262                DMA5_DriverIRQHandler
                0x00000262                DMA4_DriverIRQHandler
                0x00000262                USBDCD_DriverIRQHandler
                0x00000262                UART3_ERR_DriverIRQHandler
                0x00000262                DMA3_DriverIRQHandler
                0x00000262                DMA8_DriverIRQHandler
                0x00000262                DMA9_DriverIRQHandler
                0x00000262                UART0_ERR_DriverIRQHandler
                0x00000262                CMT_DriverIRQHandler
                0x00000262                Reserved71_DriverIRQHandler
                0x00000262                ADC1_DriverIRQHandler
                0x00000262                PORTA_DriverIRQHandler
                0x00000262                DMA14_DriverIRQHandler
                0x00000262                PIT3_DriverIRQHandler
                0x00000262                PIT1_DriverIRQHandler
                0x00000262                WDOG_EWM_DriverIRQHandler
                0x00000262                PDB0_DriverIRQHandler
                0x00000262                RTC_DriverIRQHandler
                0x00000262                I2S0_Rx_DriverIRQHandler
                0x00000262                Read_Collision_DriverIRQHandler
                0x00000262                SWI_DriverIRQHandler
                0x00000262                UART4_ERR_DriverIRQHandler
                0x00000262                PORTB_DriverIRQHandler
                0x00000262                UART0_LON_DriverIRQHandler
                0x00000262                DMA0_DriverIRQHandler
                0x00000262                DMA1_DriverIRQHandler
                0x00000262                I2C1_DriverIRQHandler
                0x00000262                DMA13_DriverIRQHandler
                0x00000262                DMA15_DriverIRQHandler
                0x00000262                SPI0_DriverIRQHandler
                0x00000262                ADC0_DriverIRQHandler
                0x00000262                CMP0_DriverIRQHandler
                0x00000262                CAN0_DriverIRQHandler
                0x00000262                FTM3_DriverIRQHandler
                0x00000262                PIT0_DriverIRQHandler
                0x00000262                UART1_ERR_DriverIRQHandler
                0x00000262                DMA2_DriverIRQHandler
                0x00000262                PORTD_DriverIRQHandler
                0x00000262                PORTE_DriverIRQHandler
                0x00000262                FTFE_DriverIRQHandler
                0x00000262                I2C0_DriverIRQHandler
                0x00000262                DMA7_DriverIRQHandler
                0x00000400                        . = 0x400
 *fill*         0x00000264      0x19c ff
                0x00000400                        PROVIDE (__FLASH_CONFIG_START__ = .)
 *(SORT_BY_ALIGNMENT(.FlashConfig))
 .FlashConfig   0x00000400       0x10 ./startup/startup_mk64f12.o
                0x00000400                Flash_Config
                0x00000410                        PROVIDE (__FLASH_CONFIG_END__ = .)
                0x00000001                        ASSERT (! ((__FLASH_CONFIG_START__ == __FLASH_CONFIG_END__)), Linker Flash Config Support Enabled, but no .FlashConfig section provided within application)
 *(SORT_BY_ALIGNMENT(.text*))
 .text.__assertion_failed
                0x00000410       0x18 ./utilities/fsl_assert.o
                0x00000410                __assertion_failed
 .text.DbgConsole_Init
                0x00000428       0x74 ./utilities/fsl_debug_console.o
                0x00000428                DbgConsole_Init
 .text.DbgConsole_Vprintf
                0x0000049c       0x3c ./utilities/fsl_debug_console.o
                0x0000049c                DbgConsole_Vprintf
 .text.DbgConsole_Putchar
                0x000004d8       0x30 ./utilities/fsl_debug_console.o
                0x000004d8                DbgConsole_Putchar
 .text.DbgConsole_PrintfFormattedData
                0x00000508      0x9d8 ./utilities/fsl_debug_console.o
 .text.ENET_BuildBroadCastFrame
                0x00000ee0       0x9c ./source/enet_txrx_transfer.o
 .text.main     0x00000f7c      0x318 ./source/enet_txrx_transfer.o
                0x00000f7c                main
 .text.PHY_KSZ8081_Init
                0x00001294      0x128 ./phy/fsl_phyksz8081.o
                0x00001294                PHY_KSZ8081_Init
 .text.PHY_KSZ8081_GetAutoNegotiationStatus
                0x000013bc       0x54 ./phy/fsl_phyksz8081.o
                0x000013bc                PHY_KSZ8081_GetAutoNegotiationStatus
 .text.PHY_KSZ8081_GetLinkStatus
                0x00001410       0x58 ./phy/fsl_phyksz8081.o
                0x00001410                PHY_KSZ8081_GetLinkStatus
 .text.PHY_KSZ8081_GetLinkSpeedDuplex
                0x00001468       0x98 ./phy/fsl_phyksz8081.o
                0x00001468                PHY_KSZ8081_GetLinkSpeedDuplex
 .text.PHY_KSZ8081_SetLinkSpeedDuplex
                0x00001500       0x90 ./phy/fsl_phyksz8081.o
                0x00001500                PHY_KSZ8081_SetLinkSpeedDuplex
 .text.PHY_KSZ8081_EnableLoopback
                0x00001590      0x150 ./phy/fsl_phyksz8081.o
                0x00001590                PHY_KSZ8081_EnableLoopback
 .text.ENET_MDIO_Init
                0x000016e0       0x44 ./mdio/fsl_enet_mdio.o
 .text.ENET_MDIO_Read
                0x00001724       0x74 ./mdio/fsl_enet_mdio.o
 .text.CLOCK_SetEr32kClock
                0x00001798       0x30 ./drivers/fsl_clock.o
 .text.CLOCK_SetPllFllSelClock
                0x000017c8       0x38 ./drivers/fsl_clock.o
 .text.CLOCK_GetMcgExtClkFreq
                0x00001800       0x7c ./drivers/fsl_clock.o
 .text.CLOCK_GetFllExtRefClkFreq
                0x0000187c       0xb0 ./drivers/fsl_clock.o
 .text.CLOCK_GetInternalRefClkSelectFreq
                0x0000192c       0x4c ./drivers/fsl_clock.o
 .text.CLOCK_GetFllRefClkFreq
                0x00001978       0x34 ./drivers/fsl_clock.o
 .text.CLOCK_GetOscRangeFromFreq
                0x000019ac       0x3c ./drivers/fsl_clock.o
 .text.CLOCK_GetOsc0ErClkFreq
                0x000019e8       0x44 ./drivers/fsl_clock.o
                0x000019e8                CLOCK_GetOsc0ErClkFreq
 .text.CLOCK_GetEr32kClkFreq
                0x00001a2c       0x74 ./drivers/fsl_clock.o
                0x00001a2c                CLOCK_GetEr32kClkFreq
 .text.CLOCK_GetPllFllSelClkFreq
                0x00001aa0       0x54 ./drivers/fsl_clock.o
                0x00001aa0                CLOCK_GetPllFllSelClkFreq
 .text.CLOCK_GetCoreSysClkFreq
                0x00001af4       0x28 ./drivers/fsl_clock.o
                0x00001af4                CLOCK_GetCoreSysClkFreq
 .text.CLOCK_GetFreq
                0x00001b1c      0x140 ./drivers/fsl_clock.o
                0x00001b1c                CLOCK_GetFreq
 .text.CLOCK_SetSimConfig
                0x00001c5c       0x34 ./drivers/fsl_clock.o
                0x00001c5c                CLOCK_SetSimConfig
 .text.CLOCK_GetOutClkFreq
                0x00001c90       0x64 ./drivers/fsl_clock.o
                0x00001c90                CLOCK_GetOutClkFreq
 .text.CLOCK_GetFllFreq
                0x00001cf4       0x84 ./drivers/fsl_clock.o
                0x00001cf4                CLOCK_GetFllFreq
 .text.CLOCK_GetInternalRefClkFreq
                0x00001d78       0x30 ./drivers/fsl_clock.o
                0x00001d78                CLOCK_GetInternalRefClkFreq
 .text.CLOCK_GetPll0Freq
                0x00001da8       0x78 ./drivers/fsl_clock.o
                0x00001da8                CLOCK_GetPll0Freq
 .text.CLOCK_SetExternalRefClkConfig
                0x00001e20       0x6c ./drivers/fsl_clock.o
                0x00001e20                CLOCK_SetExternalRefClkConfig
 .text.CLOCK_SetInternalRefClkConfig
                0x00001e8c      0x104 ./drivers/fsl_clock.o
                0x00001e8c                CLOCK_SetInternalRefClkConfig
 .text.CLOCK_EnablePll0
                0x00001f90       0x88 ./drivers/fsl_clock.o
                0x00001f90                CLOCK_EnablePll0
 .text.CLOCK_InitOsc0
                0x00002018       0x8c ./drivers/fsl_clock.o
                0x00002018                CLOCK_InitOsc0
 .text.CLOCK_SetPbeMode
                0x000020a4       0xa8 ./drivers/fsl_clock.o
                0x000020a4                CLOCK_SetPbeMode
 .text.CLOCK_BootToPeeMode
                0x0000214c       0x60 ./drivers/fsl_clock.o
                0x0000214c                CLOCK_BootToPeeMode
 .text.SDK_DelayAtLeastUs
                0x000021ac       0x8c ./drivers/fsl_common_arm.o
                0x000021ac                SDK_DelayAtLeastUs
 .text.__NVIC_EnableIRQ
                0x00002238       0x3c ./drivers/fsl_enet.o
 .text.ENET_GetInstance
                0x00002274       0x44 ./drivers/fsl_enet.o
                0x00002274                ENET_GetInstance
 .text.ENET_GetDefaultConfig
                0x000022b8       0x4c ./drivers/fsl_enet.o
                0x000022b8                ENET_GetDefaultConfig
 .text.ENET_Up  0x00002304       0xb8 ./drivers/fsl_enet.o
                0x00002304                ENET_Up
 .text.ENET_Init
                0x000023bc       0x48 ./drivers/fsl_enet.o
                0x000023bc                ENET_Init
 .text.ENET_SetRxISRHandler
                0x00002404       0x30 ./drivers/fsl_enet.o
                0x00002404                ENET_SetRxISRHandler
 .text.ENET_SetTxISRHandler
                0x00002434       0x30 ./drivers/fsl_enet.o
                0x00002434                ENET_SetTxISRHandler
 .text.ENET_SetErrISRHandler
                0x00002464       0x30 ./drivers/fsl_enet.o
                0x00002464                ENET_SetErrISRHandler
 .text.ENET_SetHandler
                0x00002494      0x1a8 ./drivers/fsl_enet.o
 .text.ENET_SetMacController
                0x0000263c      0x248 ./drivers/fsl_enet.o
 .text.ENET_SetTxBufferDescriptors
                0x00002884       0xe4 ./drivers/fsl_enet.o
 .text.ENET_SetRxBufferDescriptors
                0x00002968       0xfc ./drivers/fsl_enet.o
 .text.ENET_RxBufferAllocAll
                0x00002a64       0xcc ./drivers/fsl_enet.o
 .text.ENET_RxBufferFreeAll
                0x00002b30       0xc4 ./drivers/fsl_enet.o
 .text.ENET_ActiveReadRing
                0x00002bf4       0x44 ./drivers/fsl_enet.o
 .text.ENET_ActiveSendRing
                0x00002c38       0x4c ./drivers/fsl_enet.o
 .text.ENET_SetSMI
                0x00002c84       0xa0 ./drivers/fsl_enet.o
                0x00002c84                ENET_SetSMI
 .text.ENET_IncreaseIndex
                0x00002d24       0x40 ./drivers/fsl_enet.o
 .text.ENET_GetRxErrBeforeReadFrame
                0x00002d64      0x108 ./drivers/fsl_enet.o
                0x00002d64                ENET_GetRxErrBeforeReadFrame
 .text.ENET_GetRxFrameSize
                0x00002e6c      0x128 ./drivers/fsl_enet.o
                0x00002e6c                ENET_GetRxFrameSize
 .text.ENET_ReadFrame
                0x00002f94      0x188 ./drivers/fsl_enet.o
                0x00002f94                ENET_ReadFrame
 .text.ENET_UpdateReadBuffers
                0x0000311c       0x94 ./drivers/fsl_enet.o
 .text.ENET_SendFrame
                0x000031b0      0x378 ./drivers/fsl_enet.o
                0x000031b0                ENET_SendFrame
 .text.ENET_ReclaimTxDescriptor
                0x00003528      0x10c ./drivers/fsl_enet.o
                0x00003528                ENET_ReclaimTxDescriptor
 .text.ENET_TransmitIRQHandler
                0x00003634       0x8c ./drivers/fsl_enet.o
                0x00003634                ENET_TransmitIRQHandler
 .text.ENET_ReceiveIRQHandler
                0x000036c0       0x5c ./drivers/fsl_enet.o
                0x000036c0                ENET_ReceiveIRQHandler
 .text.ENET_ErrorIRQHandler
                0x0000371c       0x90 ./drivers/fsl_enet.o
                0x0000371c                ENET_ErrorIRQHandler
 .text.ENET_Ptp1588IRQHandler
                0x000037ac       0x44 ./drivers/fsl_enet.o
                0x000037ac                ENET_Ptp1588IRQHandler
 .text.ENET_TxIRQHandler
                0x000037f0       0x48 ./drivers/fsl_enet.o
                0x000037f0                ENET_TxIRQHandler
 .text.ENET_RxIRQHandler
                0x00003838       0x44 ./drivers/fsl_enet.o
                0x00003838                ENET_RxIRQHandler
 .text.ENET_ErrIRQHandler
                0x0000387c       0x44 ./drivers/fsl_enet.o
                0x0000387c                ENET_ErrIRQHandler
 .text.ENET_Transmit_DriverIRQHandler
                0x000038c0       0x18 ./drivers/fsl_enet.o
                0x000038c0                ENET_Transmit_DriverIRQHandler
 .text.ENET_Receive_DriverIRQHandler
                0x000038d8       0x18 ./drivers/fsl_enet.o
                0x000038d8                ENET_Receive_DriverIRQHandler
 .text.ENET_Error_DriverIRQHandler
                0x000038f0       0x18 ./drivers/fsl_enet.o
                0x000038f0                ENET_Error_DriverIRQHandler
 .text.ENET_1588_Timer_DriverIRQHandler
                0x00003908       0x18 ./drivers/fsl_enet.o
                0x00003908                ENET_1588_Timer_DriverIRQHandler
 .text.UART_GetInstance
                0x00003920       0x54 ./drivers/fsl_uart.o
                0x00003920                UART_GetInstance
 .text.UART_Init
                0x00003974      0x2f4 ./drivers/fsl_uart.o
                0x00003974                UART_Init
 .text.UART_GetDefaultConfig
                0x00003c68       0x68 ./drivers/fsl_uart.o
                0x00003c68                UART_GetDefaultConfig
 .text.UART_ReadBlocking
                0x00003cd0       0xfc ./drivers/fsl_uart.o
                0x00003cd0                UART_ReadBlocking
 .text.UART0_DriverIRQHandler
                0x00003dcc       0x28 ./drivers/fsl_uart.o
                0x00003dcc                UART0_DriverIRQHandler
 .text.UART1_DriverIRQHandler
                0x00003df4       0x28 ./drivers/fsl_uart.o
                0x00003df4                UART1_DriverIRQHandler
 .text.UART2_DriverIRQHandler
                0x00003e1c       0x28 ./drivers/fsl_uart.o
                0x00003e1c                UART2_DriverIRQHandler
 .text.UART3_DriverIRQHandler
                0x00003e44       0x28 ./drivers/fsl_uart.o
                0x00003e44                UART3_DriverIRQHandler
 .text.UART4_DriverIRQHandler
                0x00003e6c       0x28 ./drivers/fsl_uart.o
                0x00003e6c                UART4_DriverIRQHandler
 .text.UART5_DriverIRQHandler
                0x00003e94       0x28 ./drivers/fsl_uart.o
                0x00003e94                UART5_DriverIRQHandler
 .text.SystemInit
                0x00003ebc       0x3c ./device/system_MK64F12.o
                0x00003ebc                SystemInit
 .text.HAL_UartInit
                0x00003ef8      0x128 ./component/uart/fsl_adapter_uart.o
                0x00003ef8                HAL_UartInit
 .text.HAL_UartReceiveBlocking
                0x00004020       0x6c ./component/uart/fsl_adapter_uart.o
                0x00004020                HAL_UartReceiveBlocking
 .text.HAL_UartSendBlocking
                0x0000408c       0x64 ./component/uart/fsl_adapter_uart.o
                0x0000408c                HAL_UartSendBlocking
 .text.CLOCK_SetSimSafeDivs
                0x000040f0       0x20 ./board/clock_config.o
 .text.CLOCK_SetXtal0Freq
                0x00004110       0x20 ./board/clock_config.o
 .text.CLOCK_CONFIG_SetFllExtRefDiv
                0x00004130       0x3c ./board/clock_config.o
 .text.BOARD_BootClockRUN
                0x0000416c       0x60 ./board/clock_config.o
                0x0000416c                BOARD_BootClockRUN
 .text.PORT_SetPinConfig
                0x000041cc       0x38 ./board/pin_mux.o
 .text.BOARD_InitPins
                0x00004204       0xfc ./board/pin_mux.o
                0x00004204                BOARD_InitPins
 .text.malloc   0x00004300       0xc8 C:/nxp/MCUXpressoIDE_25.6.136/ide/plugins/com.nxp.mcuxpresso.tools.win32_25.6.0.202501151204/tools/bin/../lib/gcc/arm-none-eabi/14.2.1/../../../../arm-none-eabi/lib/thumb/v7e-m+fp/hard\libcr_c.a(alloc.o)
                0x00004300                malloc
 .text._initio  0x000043c8       0x78 C:/nxp/MCUXpressoIDE_25.6.136/ide/plugins/com.nxp.mcuxpresso.tools.win32_25.6.0.202501151204/tools/bin/../lib/gcc/arm-none-eabi/14.2.1/../../../../arm-none-eabi/lib/thumb/v7e-m+fp/hard\libcr_c.a(initio.o)
                0x000043c8                _initio
 .text._sbrk    0x00004440       0x3c C:/nxp/MCUXpressoIDE_25.6.136/ide/plugins/com.nxp.mcuxpresso.tools.win32_25.6.0.202501151204/tools/bin/../lib/gcc/arm-none-eabi/14.2.1/../../../../arm-none-eabi/lib/thumb/v7e-m+fp/hard\libcr_c.a(_cr_sbrk.o)
                0x00004440                _sbrk
 .text.fflush   0x0000447c       0x3c C:/nxp/MCUXpressoIDE_25.6.136/ide/plugins/com.nxp.mcuxpresso.tools.win32_25.6.0.202501151204/tools/bin/../lib/gcc/arm-none-eabi/14.2.1/../../../../arm-none-eabi/lib/thumb/v7e-m+fp/hard\libcr_c.a(fflush.o)
                0x0000447c                fflush
 .text.fseek    0x000044b8       0xf8 C:/nxp/MCUXpressoIDE_25.6.136/ide/plugins/com.nxp.mcuxpresso.tools.win32_25.6.0.202501151204/tools/bin/../lib/gcc/arm-none-eabi/14.2.1/../../../../arm-none-eabi/lib/thumb/v7e-m+fp/hard\libcr_c.a(fseek.o)
                0x000044b8                fseek
 .text.ftell    0x000045b0       0x44 C:/nxp/MCUXpressoIDE_25.6.136/ide/plugins/com.nxp.mcuxpresso.tools.win32_25.6.0.202501151204/tools/bin/../lib/gcc/arm-none-eabi/14.2.1/../../../../arm-none-eabi/lib/thumb/v7e-m+fp/hard\libcr_c.a(ftell.o)
                0x000045b0                ftell
 .text.__check_heap_overflow
                0x000045f4       0x18 C:/nxp/MCUXpressoIDE_25.6.136/ide/plugins/com.nxp.mcuxpresso.tools.win32_25.6.0.202501151204/tools/bin/../lib/gcc/arm-none-eabi/14.2.1/../../../../arm-none-eabi/lib/thumb/v7e-m+fp/hard\libcr_c.a(_cr_check_heap.o)
                0x000045f4                __check_heap_overflow
 .text._Cwritebuf
                0x0000460c       0x70 C:/nxp/MCUXpressoIDE_25.6.136/ide/plugins/com.nxp.mcuxpresso.tools.win32_25.6.0.202501151204/tools/bin/../lib/gcc/arm-none-eabi/14.2.1/../../../../arm-none-eabi/lib/thumb/v7e-m+fp/hard\libcr_c.a(_writebuf.o)
                0x0000460c                _Cwritebuf
 .text.DbgConsole_Printf
                0x0000467c       0x2c ./utilities/fsl_debug_console.o
                0x0000467c                DbgConsole_Printf
 .text.DbgConsole_PrintfPaddingCharacter
                0x000046a8       0x40 ./utilities/fsl_debug_console.o
 .text.DbgConsole_ConvertRadixNumToString
                0x000046e8      0x2b0 ./utilities/fsl_debug_console.o
 .text.DMA0_IRQHandler
                0x00004998        0x8 ./startup/startup_mk64f12.o
                0x00004998                DMA0_IRQHandler
 .text.DMA1_IRQHandler
                0x000049a0        0x8 ./startup/startup_mk64f12.o
                0x000049a0                DMA1_IRQHandler
 .text.DMA2_IRQHandler
                0x000049a8        0x8 ./startup/startup_mk64f12.o
                0x000049a8                DMA2_IRQHandler
 .text.DMA3_IRQHandler
                0x000049b0        0x8 ./startup/startup_mk64f12.o
                0x000049b0                DMA3_IRQHandler
 .text.DMA4_IRQHandler
                0x000049b8        0x8 ./startup/startup_mk64f12.o
                0x000049b8                DMA4_IRQHandler
 .text.DMA5_IRQHandler
                0x000049c0        0x8 ./startup/startup_mk64f12.o
                0x000049c0                DMA5_IRQHandler
 .text.DMA6_IRQHandler
                0x000049c8        0x8 ./startup/startup_mk64f12.o
                0x000049c8                DMA6_IRQHandler
 .text.DMA7_IRQHandler
                0x000049d0        0x8 ./startup/startup_mk64f12.o
                0x000049d0                DMA7_IRQHandler
 .text.DMA8_IRQHandler
                0x000049d8        0x8 ./startup/startup_mk64f12.o
                0x000049d8                DMA8_IRQHandler
 .text.DMA9_IRQHandler
                0x000049e0        0x8 ./startup/startup_mk64f12.o
                0x000049e0                DMA9_IRQHandler
 .text.DMA10_IRQHandler
                0x000049e8        0x8 ./startup/startup_mk64f12.o
                0x000049e8                DMA10_IRQHandler
 .text.DMA11_IRQHandler
                0x000049f0        0x8 ./startup/startup_mk64f12.o
                0x000049f0                DMA11_IRQHandler
 .text.DMA12_IRQHandler
                0x000049f8        0x8 ./startup/startup_mk64f12.o
                0x000049f8                DMA12_IRQHandler
 .text.DMA13_IRQHandler
                0x00004a00        0x8 ./startup/startup_mk64f12.o
                0x00004a00                DMA13_IRQHandler
 .text.DMA14_IRQHandler
                0x00004a08        0x8 ./startup/startup_mk64f12.o
                0x00004a08                DMA14_IRQHandler
 .text.DMA15_IRQHandler
                0x00004a10        0x8 ./startup/startup_mk64f12.o
                0x00004a10                DMA15_IRQHandler
 .text.DMA_Error_IRQHandler
                0x00004a18        0x8 ./startup/startup_mk64f12.o
                0x00004a18                DMA_Error_IRQHandler
 .text.MCM_IRQHandler
                0x00004a20        0x8 ./startup/startup_mk64f12.o
                0x00004a20                MCM_IRQHandler
 .text.FTFE_IRQHandler
                0x00004a28        0x8 ./startup/startup_mk64f12.o
                0x00004a28                FTFE_IRQHandler
 .text.Read_Collision_IRQHandler
                0x00004a30        0x8 ./startup/startup_mk64f12.o
                0x00004a30                Read_Collision_IRQHandler
 .text.LVD_LVW_IRQHandler
                0x00004a38        0x8 ./startup/startup_mk64f12.o
                0x00004a38                LVD_LVW_IRQHandler
 .text.LLWU_IRQHandler
                0x00004a40        0x8 ./startup/startup_mk64f12.o
                0x00004a40                LLWU_IRQHandler
 .text.WDOG_EWM_IRQHandler
                0x00004a48        0x8 ./startup/startup_mk64f12.o
                0x00004a48                WDOG_EWM_IRQHandler
 .text.RNG_IRQHandler
                0x00004a50        0x8 ./startup/startup_mk64f12.o
                0x00004a50                RNG_IRQHandler
 .text.I2C0_IRQHandler
                0x00004a58        0x8 ./startup/startup_mk64f12.o
                0x00004a58                I2C0_IRQHandler
 .text.I2C1_IRQHandler
                0x00004a60        0x8 ./startup/startup_mk64f12.o
                0x00004a60                I2C1_IRQHandler
 .text.SPI0_IRQHandler
                0x00004a68        0x8 ./startup/startup_mk64f12.o
                0x00004a68                SPI0_IRQHandler
 .text.SPI1_IRQHandler
                0x00004a70        0x8 ./startup/startup_mk64f12.o
                0x00004a70                SPI1_IRQHandler
 .text.I2S0_Tx_IRQHandler
                0x00004a78        0x8 ./startup/startup_mk64f12.o
                0x00004a78                I2S0_Tx_IRQHandler
 .text.I2S0_Rx_IRQHandler
                0x00004a80        0x8 ./startup/startup_mk64f12.o
                0x00004a80                I2S0_Rx_IRQHandler
 .text.UART0_LON_IRQHandler
                0x00004a88        0x8 ./startup/startup_mk64f12.o
                0x00004a88                UART0_LON_IRQHandler
 .text.UART0_RX_TX_IRQHandler
                0x00004a90        0x8 ./startup/startup_mk64f12.o
                0x00004a90                UART0_RX_TX_IRQHandler
 .text.UART0_ERR_IRQHandler
                0x00004a98        0x8 ./startup/startup_mk64f12.o
                0x00004a98                UART0_ERR_IRQHandler
 .text.UART1_RX_TX_IRQHandler
                0x00004aa0        0x8 ./startup/startup_mk64f12.o
                0x00004aa0                UART1_RX_TX_IRQHandler
 .text.UART1_ERR_IRQHandler
                0x00004aa8        0x8 ./startup/startup_mk64f12.o
                0x00004aa8                UART1_ERR_IRQHandler
 .text.UART2_RX_TX_IRQHandler
                0x00004ab0        0x8 ./startup/startup_mk64f12.o
                0x00004ab0                UART2_RX_TX_IRQHandler
 .text.UART2_ERR_IRQHandler
                0x00004ab8        0x8 ./startup/startup_mk64f12.o
                0x00004ab8                UART2_ERR_IRQHandler
 .text.UART3_RX_TX_IRQHandler
                0x00004ac0        0x8 ./startup/startup_mk64f12.o
                0x00004ac0                UART3_RX_TX_IRQHandler
 .text.UART3_ERR_IRQHandler
                0x00004ac8        0x8 ./startup/startup_mk64f12.o
                0x00004ac8                UART3_ERR_IRQHandler
 .text.ADC0_IRQHandler
                0x00004ad0        0x8 ./startup/startup_mk64f12.o
                0x00004ad0                ADC0_IRQHandler
 .text.CMP0_IRQHandler
                0x00004ad8        0x8 ./startup/startup_mk64f12.o
                0x00004ad8                CMP0_IRQHandler
 .text.CMP1_IRQHandler
                0x00004ae0        0x8 ./startup/startup_mk64f12.o
                0x00004ae0                CMP1_IRQHandler
 .text.FTM0_IRQHandler
                0x00004ae8        0x8 ./startup/startup_mk64f12.o
                0x00004ae8                FTM0_IRQHandler
 .text.FTM1_IRQHandler
                0x00004af0        0x8 ./startup/startup_mk64f12.o
                0x00004af0                FTM1_IRQHandler
 .text.FTM2_IRQHandler
                0x00004af8        0x8 ./startup/startup_mk64f12.o
                0x00004af8                FTM2_IRQHandler
 .text.CMT_IRQHandler
                0x00004b00        0x8 ./startup/startup_mk64f12.o
                0x00004b00                CMT_IRQHandler
 .text.RTC_IRQHandler
                0x00004b08        0x8 ./startup/startup_mk64f12.o
                0x00004b08                RTC_IRQHandler
 .text.RTC_Seconds_IRQHandler
                0x00004b10        0x8 ./startup/startup_mk64f12.o
                0x00004b10                RTC_Seconds_IRQHandler
 .text.PIT0_IRQHandler
                0x00004b18        0x8 ./startup/startup_mk64f12.o
                0x00004b18                PIT0_IRQHandler
 .text.PIT1_IRQHandler
                0x00004b20        0x8 ./startup/startup_mk64f12.o
                0x00004b20                PIT1_IRQHandler
 .text.PIT2_IRQHandler
                0x00004b28        0x8 ./startup/startup_mk64f12.o
                0x00004b28                PIT2_IRQHandler
 .text.PIT3_IRQHandler
                0x00004b30        0x8 ./startup/startup_mk64f12.o
                0x00004b30                PIT3_IRQHandler
 .text.PDB0_IRQHandler
                0x00004b38        0x8 ./startup/startup_mk64f12.o
                0x00004b38                PDB0_IRQHandler
 .text.USB0_IRQHandler
                0x00004b40        0x8 ./startup/startup_mk64f12.o
                0x00004b40                USB0_IRQHandler
 .text.USBDCD_IRQHandler
                0x00004b48        0x8 ./startup/startup_mk64f12.o
                0x00004b48                USBDCD_IRQHandler
 .text.Reserved71_IRQHandler
                0x00004b50        0x8 ./startup/startup_mk64f12.o
                0x00004b50                Reserved71_IRQHandler
 .text.DAC0_IRQHandler
                0x00004b58        0x8 ./startup/startup_mk64f12.o
                0x00004b58                DAC0_IRQHandler
 .text.MCG_IRQHandler
                0x00004b60        0x8 ./startup/startup_mk64f12.o
                0x00004b60                MCG_IRQHandler
 .text.LPTMR0_IRQHandler
                0x00004b68        0x8 ./startup/startup_mk64f12.o
                0x00004b68                LPTMR0_IRQHandler
 .text.PORTA_IRQHandler
                0x00004b70        0x8 ./startup/startup_mk64f12.o
                0x00004b70                PORTA_IRQHandler
 .text.PORTB_IRQHandler
                0x00004b78        0x8 ./startup/startup_mk64f12.o
                0x00004b78                PORTB_IRQHandler
 .text.PORTC_IRQHandler
                0x00004b80        0x8 ./startup/startup_mk64f12.o
                0x00004b80                PORTC_IRQHandler
 .text.PORTD_IRQHandler
                0x00004b88        0x8 ./startup/startup_mk64f12.o
                0x00004b88                PORTD_IRQHandler
 .text.PORTE_IRQHandler
                0x00004b90        0x8 ./startup/startup_mk64f12.o
                0x00004b90                PORTE_IRQHandler
 .text.SWI_IRQHandler
                0x00004b98        0x8 ./startup/startup_mk64f12.o
                0x00004b98                SWI_IRQHandler
 .text.SPI2_IRQHandler
                0x00004ba0        0x8 ./startup/startup_mk64f12.o
                0x00004ba0                SPI2_IRQHandler
 .text.UART4_RX_TX_IRQHandler
                0x00004ba8        0x8 ./startup/startup_mk64f12.o
                0x00004ba8                UART4_RX_TX_IRQHandler
 .text.UART4_ERR_IRQHandler
                0x00004bb0        0x8 ./startup/startup_mk64f12.o
                0x00004bb0                UART4_ERR_IRQHandler
 .text.UART5_RX_TX_IRQHandler
                0x00004bb8        0x8 ./startup/startup_mk64f12.o
                0x00004bb8                UART5_RX_TX_IRQHandler
 .text.UART5_ERR_IRQHandler
                0x00004bc0        0x8 ./startup/startup_mk64f12.o
                0x00004bc0                UART5_ERR_IRQHandler
 .text.CMP2_IRQHandler
                0x00004bc8        0x8 ./startup/startup_mk64f12.o
                0x00004bc8                CMP2_IRQHandler
 .text.FTM3_IRQHandler
                0x00004bd0        0x8 ./startup/startup_mk64f12.o
                0x00004bd0                FTM3_IRQHandler
 .text.DAC1_IRQHandler
                0x00004bd8        0x8 ./startup/startup_mk64f12.o
                0x00004bd8                DAC1_IRQHandler
 .text.ADC1_IRQHandler
                0x00004be0        0x8 ./startup/startup_mk64f12.o
                0x00004be0                ADC1_IRQHandler
 .text.I2C2_IRQHandler
                0x00004be8        0x8 ./startup/startup_mk64f12.o
                0x00004be8                I2C2_IRQHandler
 .text.CAN0_ORed_Message_buffer_IRQHandler
                0x00004bf0        0x8 ./startup/startup_mk64f12.o
                0x00004bf0                CAN0_ORed_Message_buffer_IRQHandler
 .text.CAN0_Bus_Off_IRQHandler
                0x00004bf8        0x8 ./startup/startup_mk64f12.o
                0x00004bf8                CAN0_Bus_Off_IRQHandler
 .text.CAN0_Error_IRQHandler
                0x00004c00        0x8 ./startup/startup_mk64f12.o
                0x00004c00                CAN0_Error_IRQHandler
 .text.CAN0_Tx_Warning_IRQHandler
                0x00004c08        0x8 ./startup/startup_mk64f12.o
                0x00004c08                CAN0_Tx_Warning_IRQHandler
 .text.CAN0_Rx_Warning_IRQHandler
                0x00004c10        0x8 ./startup/startup_mk64f12.o
                0x00004c10                CAN0_Rx_Warning_IRQHandler
 .text.CAN0_Wake_Up_IRQHandler
                0x00004c18        0x8 ./startup/startup_mk64f12.o
                0x00004c18                CAN0_Wake_Up_IRQHandler
 .text.SDHC_IRQHandler
                0x00004c20        0x8 ./startup/startup_mk64f12.o
                0x00004c20                SDHC_IRQHandler
 .text.ENET_1588_Timer_IRQHandler
                0x00004c28        0x8 ./startup/startup_mk64f12.o
                0x00004c28                ENET_1588_Timer_IRQHandler
 .text.ENET_Transmit_IRQHandler
                0x00004c30        0x8 ./startup/startup_mk64f12.o
                0x00004c30                ENET_Transmit_IRQHandler
 .text.ENET_Receive_IRQHandler
                0x00004c38        0x8 ./startup/startup_mk64f12.o
                0x00004c38                ENET_Receive_IRQHandler
 .text.ENET_Error_IRQHandler
                0x00004c40        0x8 ./startup/startup_mk64f12.o
                0x00004c40                ENET_Error_IRQHandler
 .text.ENET_ActiveRead
                0x00004c48       0x1c ./source/enet_txrx_transfer.o
 .text.PHY_Init
                0x00004c64       0x20 ./source/enet_txrx_transfer.o
 .text.PHY_GetAutoNegotiationStatus
                0x00004c84       0x20 ./source/enet_txrx_transfer.o
 .text.PHY_GetLinkStatus
                0x00004ca4       0x20 ./source/enet_txrx_transfer.o
 .text.PHY_GetLinkSpeedDuplex
                0x00004cc4       0x24 ./source/enet_txrx_transfer.o
 .text.SYSMPU_Enable
                0x00004ce8       0x38 ./source/enet_txrx_transfer.o
 .text.HardFault_Handler
                0x00004d20       0x36 ./source/semihost_hardfault.o
                0x00004d20                HardFault_Handler
 .text.MDIO_Init
                0x00004d56       0x1a ./phy/fsl_phyksz8081.o
 .text.MDIO_Write
                0x00004d70       0x28 ./phy/fsl_phyksz8081.o
 .text.MDIO_Read
                0x00004d98       0x28 ./phy/fsl_phyksz8081.o
 .text.PHY_KSZ8081_Write
                0x00004dc0       0x26 ./phy/fsl_phyksz8081.o
                0x00004dc0                PHY_KSZ8081_Write
 .text.PHY_KSZ8081_Read
                0x00004de6       0x26 ./phy/fsl_phyksz8081.o
                0x00004de6                PHY_KSZ8081_Read
 .text.CLOCK_EnableClock
                0x00004e0c       0x34 ./mdio/fsl_enet_mdio.o
 .text.ENET_ReadSMIData
                0x00004e40       0x1a ./mdio/fsl_enet_mdio.o
 .text.ENET_GetInterruptStatus
                0x00004e5a       0x18 ./mdio/fsl_enet_mdio.o
 .text.ENET_ClearInterruptStatus
                0x00004e72       0x1c ./mdio/fsl_enet_mdio.o
 .text.ENET_MDIO_Write
                0x00004e8e       0x5c ./mdio/fsl_enet_mdio.o
 .text.ENET_MDIO_WaitTransferOver
                0x00004eea       0x2a ./mdio/fsl_enet_mdio.o
 .text.OSC_SetExtRefClkConfig
                0x00004f14       0x34 ./drivers/fsl_clock.o
 .text.OSC_SetCapLoad
                0x00004f48       0x34 ./drivers/fsl_clock.o
 .text.CLOCK_GetPll0RefFreq
                0x00004f7c        0xe ./drivers/fsl_clock.o
 .text.CLOCK_GetFixedFreqClkFreq
                0x00004f8a       0x34 ./drivers/fsl_clock.o
                0x00004f8a                CLOCK_GetFixedFreqClkFreq
 .text.DelayLoop
                0x00004fbe       0x20 ./drivers/fsl_common_arm.o
 .text.CLOCK_EnableClock
                0x00004fde       0x34 ./drivers/fsl_enet.o
 .text.EnableIRQ
                0x00005012       0x32 ./drivers/fsl_enet.o
 .text.DisableGlobalIRQ
                0x00005044       0x22 ./drivers/fsl_enet.o
 .text.EnableGlobalIRQ
                0x00005066       0x20 ./drivers/fsl_enet.o
 .text.ENET_Reset
                0x00005086       0x20 ./drivers/fsl_enet.o
 .text.ENET_GetSMI
                0x000050a6       0x26 ./drivers/fsl_enet.o
 .text.ENET_EnableSleepMode
                0x000050cc       0x38 ./drivers/fsl_enet.o
 .text.ENET_EnableInterrupts
                0x00005104       0x22 ./drivers/fsl_enet.o
 .text.ENET_SetMacAddr
                0x00005126       0x5e ./drivers/fsl_enet.o
                0x00005126                ENET_SetMacAddr
 .text.ENET_StartSMIWrite
                0x00005184       0x50 ./drivers/fsl_enet.o
                0x00005184                ENET_StartSMIWrite
 .text.ENET_StartSMIRead
                0x000051d4       0x4a ./drivers/fsl_enet.o
                0x000051d4                ENET_StartSMIRead
 .text.ENET_TxDirtyRingAvailable
                0x0000521e       0x2e ./drivers/fsl_enet.o
 .text.CLOCK_EnableClock
                0x0000524c       0x34 ./drivers/fsl_uart.o
 .text.UART_GetStatusFlags
                0x00005280       0x48 ./drivers/fsl_uart.o
                0x00005280                UART_GetStatusFlags
 .text.UART_ClearStatusFlags
                0x000052c8       0x80 ./drivers/fsl_uart.o
                0x000052c8                UART_ClearStatusFlags
 .text.UART_WriteBlocking
                0x00005348       0x50 ./drivers/fsl_uart.o
                0x00005348                UART_WriteBlocking
 .text.UART0_RX_TX_DriverIRQHandler
                0x00005398       0x12 ./drivers/fsl_uart.o
                0x00005398                UART0_RX_TX_DriverIRQHandler
 .text.UART1_RX_TX_DriverIRQHandler
                0x000053aa       0x12 ./drivers/fsl_uart.o
                0x000053aa                UART1_RX_TX_DriverIRQHandler
 .text.UART2_RX_TX_DriverIRQHandler
                0x000053bc       0x12 ./drivers/fsl_uart.o
                0x000053bc                UART2_RX_TX_DriverIRQHandler
 .text.UART3_RX_TX_DriverIRQHandler
                0x000053ce       0x12 ./drivers/fsl_uart.o
                0x000053ce                UART3_RX_TX_DriverIRQHandler
 .text.UART4_RX_TX_DriverIRQHandler
                0x000053e0       0x12 ./drivers/fsl_uart.o
                0x000053e0                UART4_RX_TX_DriverIRQHandler
 .text.UART5_RX_TX_DriverIRQHandler
                0x000053f2       0x12 ./drivers/fsl_uart.o
                0x000053f2                UART5_RX_TX_DriverIRQHandler
 .text.SystemInitHook
                0x00005404        0xe ./device/system_MK64F12.o
                0x00005404                SystemInitHook
 .text.HAL_UartGetStatus
                0x00005412       0x22 ./component/uart/fsl_adapter_uart.o
 .text.BOARD_InitDebugConsole
                0x00005434       0x22 ./board/board.o
                0x00005434                BOARD_InitDebugConsole
 .text.BOARD_InitBootClocks
                0x00005456        0xc ./board/clock_config.o
                0x00005456                BOARD_InitBootClocks
 .text.CLOCK_EnableClock
                0x00005462       0x34 ./board/pin_mux.o
 .text.PORT_SetPinMux
                0x00005496       0x3a ./board/pin_mux.o
 .text.BOARD_InitBootPins
                0x000054d0        0xc ./board/pin_mux.o
                0x000054d0                BOARD_InitBootPins
 .text.__main   0x000054dc        0xe C:/nxp/MCUXpressoIDE_25.6.136/ide/plugins/com.nxp.mcuxpresso.tools.win32_25.6.0.202501151204/tools/bin/../lib/gcc/arm-none-eabi/14.2.1/../../../../arm-none-eabi/lib/thumb/v7e-m+fp/hard\libcr_nohost_nf.a(_cr__main.o)
                0x000054dc                __main
 .text.memcpy   0x000054ea        0x4 C:/nxp/MCUXpressoIDE_25.6.136/ide/plugins/com.nxp.mcuxpresso.tools.win32_25.6.0.202501151204/tools/bin/../lib/gcc/arm-none-eabi/14.2.1/../../../../arm-none-eabi/lib/thumb/v7e-m+fp/hard\libcr_c.a(memcpy.o)
                0x000054ea                memcpy
 .text.memset   0x000054ee        0x4 C:/nxp/MCUXpressoIDE_25.6.136/ide/plugins/com.nxp.mcuxpresso.tools.win32_25.6.0.202501151204/tools/bin/../lib/gcc/arm-none-eabi/14.2.1/../../../../arm-none-eabi/lib/thumb/v7e-m+fp/hard\libcr_c.a(memset.o)
                0x000054ee                memset
 .text.free     0x000054f2       0x30 C:/nxp/MCUXpressoIDE_25.6.136/ide/plugins/com.nxp.mcuxpresso.tools.win32_25.6.0.202501151204/tools/bin/../lib/gcc/arm-none-eabi/14.2.1/../../../../arm-none-eabi/lib/thumb/v7e-m+fp/hard\libcr_c.a(alloc.o)
                0x000054f2                free
 .text.setvbuf  0x00005522       0x3e C:/nxp/MCUXpressoIDE_25.6.136/ide/plugins/com.nxp.mcuxpresso.tools.win32_25.6.0.202501151204/tools/bin/../lib/gcc/arm-none-eabi/14.2.1/../../../../arm-none-eabi/lib/thumb/v7e-m+fp/hard\libcr_c.a(setvbuf.o)
                0x00005522                setvbuf
 .text.strlen   0x00005560       0x4e C:/nxp/MCUXpressoIDE_25.6.136/ide/plugins/com.nxp.mcuxpresso.tools.win32_25.6.0.202501151204/tools/bin/../lib/gcc/arm-none-eabi/14.2.1/../../../../arm-none-eabi/lib/thumb/v7e-m+fp/hard\libcr_c.a(strlen.o)
                0x00005560                strlen
 .text._fdopen  0x000055ae       0x68 C:/nxp/MCUXpressoIDE_25.6.136/ide/plugins/com.nxp.mcuxpresso.tools.win32_25.6.0.202501151204/tools/bin/../lib/gcc/arm-none-eabi/14.2.1/../../../../arm-none-eabi/lib/thumb/v7e-m+fp/hard\libcr_c.a(_fdopen.o)
                0x000055ae                _fdopen
 .text.fclose   0x00005616       0x58 C:/nxp/MCUXpressoIDE_25.6.136/ide/plugins/com.nxp.mcuxpresso.tools.win32_25.6.0.202501151204/tools/bin/../lib/gcc/arm-none-eabi/14.2.1/../../../../arm-none-eabi/lib/thumb/v7e-m+fp/hard\libcr_c.a(fclose.o)
                0x00005616                fclose
 .text.remove   0x0000566e       0x14 C:/nxp/MCUXpressoIDE_25.6.136/ide/plugins/com.nxp.mcuxpresso.tools.win32_25.6.0.202501151204/tools/bin/../lib/gcc/arm-none-eabi/14.2.1/../../../../arm-none-eabi/lib/thumb/v7e-m+fp/hard\libcr_c.a(remove.o)
                0x0000566e                remove
 .text._do_fflush
                0x00005682       0x40 C:/nxp/MCUXpressoIDE_25.6.136/ide/plugins/com.nxp.mcuxpresso.tools.win32_25.6.0.202501151204/tools/bin/../lib/gcc/arm-none-eabi/14.2.1/../../../../arm-none-eabi/lib/thumb/v7e-m+fp/hard\libcr_c.a(_do_fflush.o)
                0x00005682                _do_fflush
 .text._fflush  0x000056c2       0x52 C:/nxp/MCUXpressoIDE_25.6.136/ide/plugins/com.nxp.mcuxpresso.tools.win32_25.6.0.202501151204/tools/bin/../lib/gcc/arm-none-eabi/14.2.1/../../../../arm-none-eabi/lib/thumb/v7e-m+fp/hard\libcr_c.a(_fflush.o)
                0x000056c2                _fflush
 .text._deferredlazyseek
                0x00005714       0x40 C:/nxp/MCUXpressoIDE_25.6.136/ide/plugins/com.nxp.mcuxpresso.tools.win32_25.6.0.202501151204/tools/bin/../lib/gcc/arm-none-eabi/14.2.1/../../../../arm-none-eabi/lib/thumb/v7e-m+fp/hard\libcr_c.a(_deferredlazyseek.o)
                0x00005714                _deferredlazyseek
 .text.__aeabi_division_ldivmod
                0x00005754       0x26 C:/nxp/MCUXpressoIDE_25.6.136/ide/plugins/com.nxp.mcuxpresso.tools.win32_25.6.0.202501151204/tools/bin/../lib/gcc/arm-none-eabi/14.2.1/thumb/v7e-m+fp/hard\libcr_eabihelpers.a(division_64.o)
                0x00005754                __aeabi_ldivmod
 .text.__aeabi_division_uldivmod
                0x0000577a      0x174 C:/nxp/MCUXpressoIDE_25.6.136/ide/plugins/com.nxp.mcuxpresso.tools.win32_25.6.0.202501151204/tools/bin/../lib/gcc/arm-none-eabi/14.2.1/thumb/v7e-m+fp/hard\libcr_eabihelpers.a(division_64.o)
                0x0000577a                __aeabi_uldivmod
                0x0000577e                __bhs_ldivmod1
 .text.__aeabi_division_idiv0
                0x000058ee        0x2 C:/nxp/MCUXpressoIDE_25.6.136/ide/plugins/com.nxp.mcuxpresso.tools.win32_25.6.0.202501151204/tools/bin/../lib/gcc/arm-none-eabi/14.2.1/thumb/v7e-m+fp/hard\libcr_eabihelpers.a(division_idiv0.o)
                0x000058ee                __aeabi_idiv0
 .text.__aeabi_memcpy
                0x000058f0       0x34 C:/nxp/MCUXpressoIDE_25.6.136/ide/plugins/com.nxp.mcuxpresso.tools.win32_25.6.0.202501151204/tools/bin/../lib/gcc/arm-none-eabi/14.2.1/thumb/v7e-m+fp/hard\libcr_eabihelpers.a(memcpy.o)
                0x000058f0                __aeabi_memcpy
                0x000058fa                __aeabi_memcpy8
                0x000058fa                __aeabi_memcpy4
 .text.__aeabi_memset_lowlevel
                0x00005924       0x32 C:/nxp/MCUXpressoIDE_25.6.136/ide/plugins/com.nxp.mcuxpresso.tools.win32_25.6.0.202501151204/tools/bin/../lib/gcc/arm-none-eabi/14.2.1/thumb/v7e-m+fp/hard\libcr_eabihelpers.a(memcpy.o)
                0x00005924                __aeabi_lowlevel_memset
 .text.__sys_close
                0x00005956        0x6 C:/nxp/MCUXpressoIDE_25.6.136/ide/plugins/com.nxp.mcuxpresso.tools.win32_25.6.0.202501151204/tools/bin/../lib/gcc/arm-none-eabi/14.2.1/../../../../arm-none-eabi/lib/thumb/v7e-m+fp/hard\libcr_nohost_nf.a(__sys_close.o)
                0x00005956                __sys_close
 .text.__sys_flen
                0x0000595c        0x6 C:/nxp/MCUXpressoIDE_25.6.136/ide/plugins/com.nxp.mcuxpresso.tools.win32_25.6.0.202501151204/tools/bin/../lib/gcc/arm-none-eabi/14.2.1/../../../../arm-none-eabi/lib/thumb/v7e-m+fp/hard\libcr_nohost_nf.a(__sys_flen.o)
                0x0000595c                __sys_flen
 .text.__sys_istty
                0x00005962        0x6 C:/nxp/MCUXpressoIDE_25.6.136/ide/plugins/com.nxp.mcuxpresso.tools.win32_25.6.0.202501151204/tools/bin/../lib/gcc/arm-none-eabi/14.2.1/../../../../arm-none-eabi/lib/thumb/v7e-m+fp/hard\libcr_nohost_nf.a(__sys_istty.o)
                0x00005962                __sys_istty
 .text.__sys_remove
                0x00005968        0x6 C:/nxp/MCUXpressoIDE_25.6.136/ide/plugins/com.nxp.mcuxpresso.tools.win32_25.6.0.202501151204/tools/bin/../lib/gcc/arm-none-eabi/14.2.1/../../../../arm-none-eabi/lib/thumb/v7e-m+fp/hard\libcr_nohost_nf.a(__sys_remove.o)
                0x00005968                __sys_remove
 .text.__sys_seek
                0x0000596e        0x6 C:/nxp/MCUXpressoIDE_25.6.136/ide/plugins/com.nxp.mcuxpresso.tools.win32_25.6.0.202501151204/tools/bin/../lib/gcc/arm-none-eabi/14.2.1/../../../../arm-none-eabi/lib/thumb/v7e-m+fp/hard\libcr_nohost_nf.a(__sys_seek.o)
                0x0000596e                __sys_seek
 .text.__sys_tmpnam
                0x00005974        0x6 C:/nxp/MCUXpressoIDE_25.6.136/ide/plugins/com.nxp.mcuxpresso.tools.win32_25.6.0.202501151204/tools/bin/../lib/gcc/arm-none-eabi/14.2.1/../../../../arm-none-eabi/lib/thumb/v7e-m+fp/hard\libcr_nohost_nf.a(__sys_tmpnam.o)
                0x00005974                __sys_tmpnam
 .text.__sys_write
                0x0000597a        0x4 C:/nxp/MCUXpressoIDE_25.6.136/ide/plugins/com.nxp.mcuxpresso.tools.win32_25.6.0.202501151204/tools/bin/../lib/gcc/arm-none-eabi/14.2.1/../../../../arm-none-eabi/lib/thumb/v7e-m+fp/hard\libcr_nohost_nf.a(__sys_write.o)
                0x0000597a                __sys_write
 *(SORT_BY_ALIGNMENT(.rodata) SORT_BY_ALIGNMENT(.rodata.*) SORT_BY_ALIGNMENT(.constdata) SORT_BY_ALIGNMENT(.constdata.*))
 *fill*         0x0000597e        0x2 ff
 .rodata.__assertion_failed.str1.4
                0x00005980      0xf25 ./utilities/fsl_assert.o
                                 0x14 (size before relaxing)
 .rodata.ENET_BuildBroadCastFrame.str1.4
                0x000068a5        0xa ./source/enet_txrx_transfer.o
 .rodata.main.str1.4
                0x000068a5      0x168 ./source/enet_txrx_transfer.o
 *fill*         0x000068a5        0x3 ff
 .rodata        0x000068a8       0x20 ./source/enet_txrx_transfer.o
 .rodata.phyksz8081_ops
                0x000068c8       0x20 ./phy/fsl_phyksz8081.o
                0x000068c8                phyksz8081_ops
 .rodata.PHY_KSZ8081_Init.str1.4
                0x000068e8       0x37 ./phy/fsl_phyksz8081.o
 .rodata.PHY_KSZ8081_GetAutoNegotiationStatus.str1.4
                0x000068e8       0x1e ./phy/fsl_phyksz8081.o
 .rodata.PHY_KSZ8081_GetLinkStatus.str1.4
                0x000068e8       0x1e ./phy/fsl_phyksz8081.o
 .rodata.PHY_KSZ8081_GetLinkSpeedDuplex.str1.4
                0x000068e8       0x3e ./phy/fsl_phyksz8081.o
 .rodata.PHY_KSZ8081_SetLinkSpeedDuplex.str1.4
                0x000068e8       0x2f ./phy/fsl_phyksz8081.o
 .rodata.PHY_KSZ8081_EnableLoopback.str1.4
                0x000068e8       0x8f ./phy/fsl_phyksz8081.o
 .rodata.enet_ops
                0x000068e8       0x14 ./mdio/fsl_enet_mdio.o
                0x000068e8                enet_ops
 .rodata.ENET_MDIO_Read.str1.4
                0x000068fc       0x25 ./mdio/fsl_enet_mdio.o
 .rodata.CLOCK_GetMcgExtClkFreq.str1.4
                0x000068fc       0x49 ./drivers/fsl_clock.o
 .rodata.CLOCK_GetOsc0ErClkFreq.str1.4
                0x000068fc       0x1e ./drivers/fsl_clock.o
 .rodata.CLOCK_GetEr32kClkFreq.str1.4
                0x000068fc       0x1f ./drivers/fsl_clock.o
 .rodata.CLOCK_GetPll0Freq.str1.4
                0x000068fc       0x1d ./drivers/fsl_clock.o
 .rodata.CLOCK_EnablePll0.str1.4
                0x000068fc       0x1a ./drivers/fsl_clock.o
 .rodata.CLOCK_SetPbeMode.str1.4
                0x000068fc       0x1a ./drivers/fsl_clock.o
 .rodata.CLOCK_BootToPeeMode.str1.4
                0x000068fc       0x1a ./drivers/fsl_clock.o
 .rodata.fllFactorTable.1
                0x000068fc       0x10 ./drivers/fsl_clock.o
 .rodata.SDK_DelayAtLeastUs.str1.4
                0x0000690c       0x2b ./drivers/fsl_common_arm.o
 .rodata.s_enetClock
                0x0000690c        0x4 ./drivers/fsl_enet.o
                0x0000690c                s_enetClock
 .rodata.ENET_GetInstance.str1.4
                0x00006910       0x34 ./drivers/fsl_enet.o
 .rodata.ENET_GetDefaultConfig.str1.4
                0x00006910       0x20 ./drivers/fsl_enet.o
 .rodata.ENET_Up.str1.4
                0x00006910       0xe0 ./drivers/fsl_enet.o
 .rodata.ENET_SetHandler.str1.4
                0x00006910       0x58 ./drivers/fsl_enet.o
 .rodata.ENET_SetTxBufferDescriptors.str1.4
                0x00006910       0x46 ./drivers/fsl_enet.o
 .rodata.ENET_SetRxBufferDescriptors.str1.4
                0x00006910       0x8c ./drivers/fsl_enet.o
 .rodata.ENET_RxBufferAllocAll.str1.4
                0x00006910       0x6b ./drivers/fsl_enet.o
 .rodata.ENET_RxBufferFreeAll.str1.4
                0x00006910       0x67 ./drivers/fsl_enet.o
 .rodata.ENET_ActiveReadRing.str1.4
                0x00006910       0x64 ./drivers/fsl_enet.o
 .rodata.ENET_ActiveSendRing.str1.4
                0x00006910       0x4b ./drivers/fsl_enet.o
 .rodata.ENET_SetSMI.str1.4
                0x00006910       0x45 ./drivers/fsl_enet.o
 .rodata.ENET_IncreaseIndex.str1.4
                0x00006910       0x1e ./drivers/fsl_enet.o
 .rodata.ENET_GetRxErrBeforeReadFrame.str1.4
                0x00006910       0x87 ./drivers/fsl_enet.o
 .rodata.ENET_GetRxFrameSize.str1.4
                0x00006910       0x83 ./drivers/fsl_enet.o
 .rodata.ENET_ReadFrame.str1.4
                0x00006910       0x6f ./drivers/fsl_enet.o
 .rodata.ENET_UpdateReadBuffers.str1.4
                0x00006910       0x6f ./drivers/fsl_enet.o
 .rodata.ENET_SendFrame.str1.4
                0x00006910       0x8f ./drivers/fsl_enet.o
 .rodata.ENET_ReclaimTxDescriptor.str1.4
                0x00006910       0x4b ./drivers/fsl_enet.o
 .rodata.ENET_TransmitIRQHandler.str1.4
                0x00006910       0x21 ./drivers/fsl_enet.o
 .rodata.ENET_ReceiveIRQHandler.str1.4
                0x00006910       0x21 ./drivers/fsl_enet.o
 .rodata.ENET_ErrorIRQHandler.str1.4
                0x00006910       0x21 ./drivers/fsl_enet.o
 .rodata.s_uartBases
                0x00006910       0x18 ./drivers/fsl_uart.o
 .rodata.s_uartClock
                0x00006928       0x18 ./drivers/fsl_uart.o
 .rodata.UART_GetInstance.str1.4
                0x00006940       0x2b ./drivers/fsl_uart.o
 .rodata.UART_Init.str1.4
                0x00006940       0xfb ./drivers/fsl_uart.o
 .rodata.UART_GetDefaultConfig.str1.4
                0x00006940       0x20 ./drivers/fsl_uart.o
 .rodata.UART_ReadBlocking.str1.4
                0x00006940       0x1e ./drivers/fsl_uart.o
 .rodata.s_UartAdapterBase
                0x00006940       0x18 ./component/uart/fsl_adapter_uart.o
 .rodata.HAL_UartInit.str1.4
                0x00006958       0xdd ./component/uart/fsl_adapter_uart.o
 .rodata.HAL_UartReceiveBlocking.str1.4
                0x00006958       0x60 ./component/uart/fsl_adapter_uart.o
 .rodata.HAL_UartSendBlocking.str1.4
                0x00006958       0x60 ./component/uart/fsl_adapter_uart.o
 .rodata.mcgConfig_BOARD_BootClockRUN
                0x00006958        0xb ./board/clock_config.o
                0x00006958                mcgConfig_BOARD_BootClockRUN
 *fill*         0x00006963        0x1 ff
 .rodata.simConfig_BOARD_BootClockRUN
                0x00006964        0x8 ./board/clock_config.o
                0x00006964                simConfig_BOARD_BootClockRUN
 .rodata.oscConfig_BOARD_BootClockRUN
                0x0000696c        0x8 ./board/clock_config.o
                0x0000696c                oscConfig_BOARD_BootClockRUN
 .rodata.PORT_SetPinConfig.str1.4
                0x00006974       0x49 ./board/pin_mux.o
 .rodata.__num_Ciob_streams
                0x00006974        0x4 C:/nxp/MCUXpressoIDE_25.6.136/ide/plugins/com.nxp.mcuxpresso.tools.win32_25.6.0.202501151204/tools/bin/../lib/gcc/arm-none-eabi/14.2.1/../../../../arm-none-eabi/lib/thumb/v7e-m+fp/hard\libcr_nohost_nf.a(__ciob.o)
                0x00006974                __num_Ciob_streams
 .rodata._initio.str1.1
                0x00006978        0x4 C:/nxp/MCUXpressoIDE_25.6.136/ide/plugins/com.nxp.mcuxpresso.tools.win32_25.6.0.202501151204/tools/bin/../lib/gcc/arm-none-eabi/14.2.1/../../../../arm-none-eabi/lib/thumb/v7e-m+fp/hard\libcr_c.a(initio.o)
                0x000069c0                        . = ALIGN (0x8)
 *fill*         0x0000697c        0x4 ff

.glue_7         0x00006980        0x0
 .glue_7        0x00006980        0x0 linker stubs

.glue_7t        0x00006980        0x0
 .glue_7t       0x00006980        0x0 linker stubs

.vfp11_veneer   0x00006980        0x0
 .vfp11_veneer  0x00006980        0x0 linker stubs

.v4_bx          0x00006980        0x0
 .v4_bx         0x00006980        0x0 linker stubs

.iplt           0x00006980        0x0
 .iplt          0x00006980        0x0 ./utilities/fsl_assert.o

.rel.dyn        0x00006980        0x0
 .rel.iplt      0x00006980        0x0 ./utilities/fsl_assert.o

.ARM.extab
 *(SORT_BY_ALIGNMENT(.ARM.extab*) SORT_BY_ALIGNMENT(.gnu.linkonce.armextab.*))

.ARM.exidx      0x00006980        0x0
                0x00006980                        __exidx_start = .
 *(SORT_BY_ALIGNMENT(.ARM.exidx*) SORT_BY_ALIGNMENT(.gnu.linkonce.armexidx.*))
                0x00006980                        __exidx_end = .
                0x00006980                        _etext = .

.m_usb_data
 *(SORT_BY_ALIGNMENT(m_usb_bdt))

.data_RAM2      0x1fff0000        0x0 load address 0x00006980
 FILL mask 0xff
                [!provide]                        PROVIDE (__start_data_RAM2 = .)
                [!provide]                        PROVIDE (__start_data_SRAM_LOWER = .)
 *(SORT_BY_ALIGNMENT(.ramfunc.$RAM2))
 *(SORT_BY_ALIGNMENT(.ramfunc.$SRAM_LOWER))
 *(SORT_BY_ALIGNMENT(.data.$RAM2))
 *(SORT_BY_ALIGNMENT(.data.$SRAM_LOWER))
 *(SORT_BY_ALIGNMENT(.data.$RAM2.*))
 *(SORT_BY_ALIGNMENT(.data.$SRAM_LOWER.*))
                0x1fff0000                        . = ALIGN (0x8)
                [!provide]                        PROVIDE (__end_data_RAM2 = .)
                [!provide]                        PROVIDE (__end_data_SRAM_LOWER = .)

.data_RAM3      0x14000000        0x0 load address 0x00006980
 FILL mask 0xff
                [!provide]                        PROVIDE (__start_data_RAM3 = .)
                [!provide]                        PROVIDE (__start_data_FLEX_RAM = .)
 *(SORT_BY_ALIGNMENT(.ramfunc.$RAM3))
 *(SORT_BY_ALIGNMENT(.ramfunc.$FLEX_RAM))
 *(SORT_BY_ALIGNMENT(.data.$RAM3))
 *(SORT_BY_ALIGNMENT(.data.$FLEX_RAM))
 *(SORT_BY_ALIGNMENT(.data.$RAM3.*))
 *(SORT_BY_ALIGNMENT(.data.$FLEX_RAM.*))
                0x14000000                        . = ALIGN (0x8)
                [!provide]                        PROVIDE (__end_data_RAM3 = .)
                [!provide]                        PROVIDE (__end_data_FLEX_RAM = .)

.uninit_RESERVED
                0x20000000        0x0
                0x20000000                        _start_uninit_RESERVED = .
 *(SORT_BY_ALIGNMENT(.bss.$RESERVED*))
                0x20000000                        . = ALIGN (0x8)
                0x20000000                        _end_uninit_RESERVED = .

.data           0x20000000       0x38 load address 0x00006980
 FILL mask 0xff
                0x20000000                        _data = .
                [!provide]                        PROVIDE (__start_data_RAM = .)
                [!provide]                        PROVIDE (__start_data_SRAM_UPPER = .)
 *(SORT_BY_ALIGNMENT(vtable))
 *(SORT_BY_ALIGNMENT(.ramfunc*))
 *(SORT_BY_ALIGNMENT(CodeQuickAccess))
 *(SORT_BY_ALIGNMENT(DataQuickAccess))
 *(SORT_BY_ALIGNMENT(RamFunction))
 *(SORT_BY_ALIGNMENT(.data*))
 .data.g_macAddr
                0x20000000        0x6 ./source/enet_txrx_transfer.o
                0x20000000                g_macAddr
 *fill*         0x20000006        0x2 ff
 .data.g_PCMacAddr
                0x20000008        0x6 ./source/enet_txrx_transfer.o
                0x20000008                g_PCMacAddr
 *fill*         0x2000000e        0x2 ff
 .data.mdioHandle
                0x20000010        0xc ./source/enet_txrx_transfer.o
 .data.phyHandle
                0x2000001c        0xc ./source/enet_txrx_transfer.o
 .data.s_slowIrcFreq
                0x20000028        0x4 ./drivers/fsl_clock.o
 .data.s_fastIrcFreq
                0x2000002c        0x4 ./drivers/fsl_clock.o
 .data.SystemCoreClock
                0x20000030        0x4 ./device/system_MK64F12.o
                0x20000030                SystemCoreClock
                0x20000038                        . = ALIGN (0x8)
 *fill*         0x20000034        0x4 ff
                0x20000038                        _edata = .
                [!provide]                        PROVIDE (__end_data_RAM = .)
                [!provide]                        PROVIDE (__end_data_SRAM_UPPER = .)

.igot.plt       0x20000038        0x0 load address 0x000069b8
 .igot.plt      0x20000038        0x0 ./utilities/fsl_assert.o

.bss_RAM2       0x1fff0000        0x0
                [!provide]                        PROVIDE (__start_bss_RAM2 = .)
                [!provide]                        PROVIDE (__start_bss_SRAM_LOWER = .)
 *(SORT_BY_ALIGNMENT(.bss.$RAM2))
 *(SORT_BY_ALIGNMENT(.bss.$SRAM_LOWER))
 *(SORT_BY_ALIGNMENT(.bss.$RAM2.*))
 *(SORT_BY_ALIGNMENT(.bss.$SRAM_LOWER.*))
                0x1fff0000                        . = ALIGN ((. != 0x0)?0x8:0x1)
                [!provide]                        PROVIDE (__end_bss_RAM2 = .)
                [!provide]                        PROVIDE (__end_bss_SRAM_LOWER = .)

.bss_RAM3       0x14000000        0x0
                [!provide]                        PROVIDE (__start_bss_RAM3 = .)
                [!provide]                        PROVIDE (__start_bss_FLEX_RAM = .)
 *(SORT_BY_ALIGNMENT(.bss.$RAM3))
 *(SORT_BY_ALIGNMENT(.bss.$FLEX_RAM))
 *(SORT_BY_ALIGNMENT(.bss.$RAM3.*))
 *(SORT_BY_ALIGNMENT(.bss.$FLEX_RAM.*))
                0x14000000                        . = ALIGN ((. != 0x0)?0x8:0x1)
                [!provide]                        PROVIDE (__end_bss_RAM3 = .)
                [!provide]                        PROVIDE (__end_bss_FLEX_RAM = .)

.bss            0x20000040     0x3548
                0x20000040                        _bss = .
                [!provide]                        PROVIDE (__start_bss_RAM = .)
                [!provide]                        PROVIDE (__start_bss_SRAM_UPPER = .)
 *(SORT_BY_ALIGNMENT(.bss*))
 .bss.g_rxBuffDescrip
                0x20000040       0x20 ./source/enet_txrx_transfer.o
                0x20000040                g_rxBuffDescrip
 .bss.g_txBuffDescrip
                0x20000060       0x20 ./source/enet_txrx_transfer.o
                0x20000060                g_txBuffDescrip
 .bss.g_rxDataBuff
                0x20000080     0x17c0 ./source/enet_txrx_transfer.o
                0x20000080                g_rxDataBuff
 .bss.g_txDataBuff
                0x20001840     0x17c0 ./source/enet_txrx_transfer.o
                0x20001840                g_txDataBuff
 .bss.s_debugConsole
                0x20003000       0x14 ./utilities/fsl_debug_console.o
 .bss.g_handle  0x20003014       0x84 ./source/enet_txrx_transfer.o
                0x20003014                g_handle
 .bss.g_frame   0x20003098      0x3f6 ./source/enet_txrx_transfer.o
                0x20003098                g_frame
 *fill*         0x2000348e        0x2 
 .bss.g_xtal0Freq
                0x20003490        0x4 ./drivers/fsl_clock.o
                0x20003490                g_xtal0Freq
 .bss.g_xtal32Freq
                0x20003494        0x4 ./drivers/fsl_clock.o
                0x20003494                g_xtal32Freq
 .bss.s_ENETHandle
                0x20003498        0x4 ./drivers/fsl_enet.o
 .bss.s_enetTxIsr
                0x2000349c        0x4 ./drivers/fsl_enet.o
 .bss.s_enetRxIsr
                0x200034a0        0x4 ./drivers/fsl_enet.o
 .bss.s_enetErrIsr
                0x200034a4        0x4 ./drivers/fsl_enet.o
 .bss.s_enet1588TimerIsr
                0x200034a8        0x4 ./drivers/fsl_enet.o
 .bss.s_uartHandle
                0x200034ac       0x18 ./drivers/fsl_uart.o
                0x200034ac                s_uartHandle
 .bss.s_uartIsr
                0x200034c4        0x4 ./drivers/fsl_uart.o
                0x200034c4                s_uartIsr
 .bss.__end_of_heap
                0x200034c8        0x4 C:/nxp/MCUXpressoIDE_25.6.136/ide/plugins/com.nxp.mcuxpresso.tools.win32_25.6.0.202501151204/tools/bin/../lib/gcc/arm-none-eabi/14.2.1/../../../../arm-none-eabi/lib/thumb/v7e-m+fp/hard\libcr_c.a(__init_alloc.o)
                0x200034c8                __end_of_heap
 .bss.__heaps   0x200034cc        0x4 C:/nxp/MCUXpressoIDE_25.6.136/ide/plugins/com.nxp.mcuxpresso.tools.win32_25.6.0.202501151204/tools/bin/../lib/gcc/arm-none-eabi/14.2.1/../../../../arm-none-eabi/lib/thumb/v7e-m+fp/hard\libcr_c.a(__init_alloc.o)
                0x200034cc                __heaps
 .bss.errno     0x200034d0        0x4 C:/nxp/MCUXpressoIDE_25.6.136/ide/plugins/com.nxp.mcuxpresso.tools.win32_25.6.0.202501151204/tools/bin/../lib/gcc/arm-none-eabi/14.2.1/../../../../arm-none-eabi/lib/thumb/v7e-m+fp/hard\libcr_c.a(errno.o)
                0x200034d0                errno
 .bss.__Ciob    0x200034d4       0xb4 C:/nxp/MCUXpressoIDE_25.6.136/ide/plugins/com.nxp.mcuxpresso.tools.win32_25.6.0.202501151204/tools/bin/../lib/gcc/arm-none-eabi/14.2.1/../../../../arm-none-eabi/lib/thumb/v7e-m+fp/hard\libcr_nohost_nf.a(__ciob.o)
                0x200034d4                __Ciob
 *(SORT_BY_ALIGNMENT(COMMON))
                0x20003588                        . = ALIGN (0x8)
                0x20003588                        _ebss = .
                [!provide]                        PROVIDE (__end_bss_RAM = .)
                [!provide]                        PROVIDE (__end_bss_SRAM_UPPER = .)
                [!provide]                        PROVIDE (end = .)

.noinit_RAM2    0x1fff0000        0x0
                [!provide]                        PROVIDE (__start_noinit_RAM2 = .)
                [!provide]                        PROVIDE (__start_noinit_SRAM_LOWER = .)
 *(SORT_BY_ALIGNMENT(.noinit.$RAM2))
 *(SORT_BY_ALIGNMENT(.noinit.$SRAM_LOWER))
 *(SORT_BY_ALIGNMENT(.noinit.$RAM2.*))
 *(SORT_BY_ALIGNMENT(.noinit.$SRAM_LOWER.*))
                0x1fff0000                        . = ALIGN (0x8)
                [!provide]                        PROVIDE (__end_noinit_RAM2 = .)
                [!provide]                        PROVIDE (__end_noinit_SRAM_LOWER = .)

.noinit_RAM3    0x14000000        0x0
                [!provide]                        PROVIDE (__start_noinit_RAM3 = .)
                [!provide]                        PROVIDE (__start_noinit_FLEX_RAM = .)
 *(SORT_BY_ALIGNMENT(.noinit.$RAM3))
 *(SORT_BY_ALIGNMENT(.noinit.$FLEX_RAM))
 *(SORT_BY_ALIGNMENT(.noinit.$RAM3.*))
 *(SORT_BY_ALIGNMENT(.noinit.$FLEX_RAM.*))
                0x14000000                        . = ALIGN (0x8)
                [!provide]                        PROVIDE (__end_noinit_RAM3 = .)
                [!provide]                        PROVIDE (__end_noinit_FLEX_RAM = .)

.noinit         0x20003588        0x0
                0x20003588                        _noinit = .
                [!provide]                        PROVIDE (__start_noinit_RAM = .)
                [!provide]                        PROVIDE (__start_noinit_SRAM_UPPER = .)
 *(SORT_BY_ALIGNMENT(.noinit*))
                0x20003588                        . = ALIGN (0x8)
                0x20003588                        _end_noinit = .
                [!provide]                        PROVIDE (__end_noinit_RAM = .)
                [!provide]                        PROVIDE (__end_noinit_SRAM_UPPER = .)
                0x00001000                        _HeapSize = 0x1000

.heap           0x20003588     0x1000
                0x20003588                        _pvHeapStart = .
                0x20004588                        . = (. + _HeapSize)
 *fill*         0x20003588     0x1000 
                0x20004588                        . = ALIGN (0x8)
                0x20004588                        _pvHeapLimit = .
                0x00001000                        _StackSize = 0x1000

.heap2stackfill
                0x20004588     0x1000
                0x20005588                        . = (. + _StackSize)
 *fill*         0x20004588     0x1000 

.stack          0x2002f000        0x0
                0x2002f000                        _vStackBase = .
                0x2002f000                        . = ALIGN (0x8)
                0x20030000                        _vStackTop = (. + _StackSize)
                0x00000000                        _image_start = LOADADDR (.text)
                0x000069b8                        _image_end = (LOADADDR (.data) + SIZEOF (.data))
                0x000069b8                        _image_size = (_image_end - _image_start)
OUTPUT(frdmk64f_enet_txrx_transfer.axf elf32-littlearm)
LOAD linker stubs

.debug_info     0x00000000    0x12740
 .debug_info    0x00000000       0xc5 ./utilities/fsl_assert.o
 .debug_info    0x000000c5      0xe03 ./utilities/fsl_debug_console.o
 .debug_info    0x00000ec8      0xd01 ./startup/startup_mk64f12.o
 .debug_info    0x00001bc9     0x1d74 ./source/enet_txrx_transfer.o
 .debug_info    0x0000393d       0x3c ./source/semihost_hardfault.o
 .debug_info    0x00003979      0xb73 ./phy/fsl_phyksz8081.o
 .debug_info    0x000044ec     0x118e ./mdio/fsl_enet_mdio.o
 .debug_info    0x0000567a     0x21e2 ./drivers/fsl_clock.o
 .debug_info    0x0000785c      0x10d ./drivers/fsl_common_arm.o
 .debug_info    0x00007969     0x39a0 ./drivers/fsl_enet.o
 .debug_info    0x0000b309     0x1fcf ./drivers/fsl_uart.o
 .debug_info    0x0000d2d8      0x649 ./device/system_MK64F12.o
 .debug_info    0x0000d921      0xb37 ./component/uart/fsl_adapter_uart.o
 .debug_info    0x0000e458      0x11f ./board/board.o
 .debug_info    0x0000e577      0xcba ./board/clock_config.o
 .debug_info    0x0000f231      0x812 ./board/pin_mux.o
 .debug_info    0x0000fa43       0x85 C:/nxp/MCUXpressoIDE_25.6.136/ide/plugins/com.nxp.mcuxpresso.tools.win32_25.6.0.202501151204/tools/bin/../lib/gcc/arm-none-eabi/14.2.1/../../../../arm-none-eabi/lib/thumb/v7e-m+fp/hard\libcr_nohost_nf.a(_cr__main.o)
 .debug_info    0x0000fac8      0x12b C:/nxp/MCUXpressoIDE_25.6.136/ide/plugins/com.nxp.mcuxpresso.tools.win32_25.6.0.202501151204/tools/bin/../lib/gcc/arm-none-eabi/14.2.1/../../../../arm-none-eabi/lib/thumb/v7e-m+fp/hard\libcr_c.a(memcpy.o)
 .debug_info    0x0000fbf3       0xfc C:/nxp/MCUXpressoIDE_25.6.136/ide/plugins/com.nxp.mcuxpresso.tools.win32_25.6.0.202501151204/tools/bin/../lib/gcc/arm-none-eabi/14.2.1/../../../../arm-none-eabi/lib/thumb/v7e-m+fp/hard\libcr_c.a(memset.o)
 .debug_info    0x0000fcef      0x520 C:/nxp/MCUXpressoIDE_25.6.136/ide/plugins/com.nxp.mcuxpresso.tools.win32_25.6.0.202501151204/tools/bin/../lib/gcc/arm-none-eabi/14.2.1/../../../../arm-none-eabi/lib/thumb/v7e-m+fp/hard\libcr_c.a(alloc.o)
 .debug_info    0x0001020f      0x339 C:/nxp/MCUXpressoIDE_25.6.136/ide/plugins/com.nxp.mcuxpresso.tools.win32_25.6.0.202501151204/tools/bin/../lib/gcc/arm-none-eabi/14.2.1/../../../../arm-none-eabi/lib/thumb/v7e-m+fp/hard\libcr_c.a(initio.o)
 .debug_info    0x00010548      0x1fd C:/nxp/MCUXpressoIDE_25.6.136/ide/plugins/com.nxp.mcuxpresso.tools.win32_25.6.0.202501151204/tools/bin/../lib/gcc/arm-none-eabi/14.2.1/../../../../arm-none-eabi/lib/thumb/v7e-m+fp/hard\libcr_c.a(setvbuf.o)
 .debug_info    0x00010745       0xe1 C:/nxp/MCUXpressoIDE_25.6.136/ide/plugins/com.nxp.mcuxpresso.tools.win32_25.6.0.202501151204/tools/bin/../lib/gcc/arm-none-eabi/14.2.1/../../../../arm-none-eabi/lib/thumb/v7e-m+fp/hard\libcr_c.a(strlen.o)
 .debug_info    0x00010826       0xd4 C:/nxp/MCUXpressoIDE_25.6.136/ide/plugins/com.nxp.mcuxpresso.tools.win32_25.6.0.202501151204/tools/bin/../lib/gcc/arm-none-eabi/14.2.1/../../../../arm-none-eabi/lib/thumb/v7e-m+fp/hard\libcr_c.a(__init_alloc.o)
 .debug_info    0x000108fa      0x107 C:/nxp/MCUXpressoIDE_25.6.136/ide/plugins/com.nxp.mcuxpresso.tools.win32_25.6.0.202501151204/tools/bin/../lib/gcc/arm-none-eabi/14.2.1/../../../../arm-none-eabi/lib/thumb/v7e-m+fp/hard\libcr_c.a(_cr_sbrk.o)
 .debug_info    0x00010a01      0x24b C:/nxp/MCUXpressoIDE_25.6.136/ide/plugins/com.nxp.mcuxpresso.tools.win32_25.6.0.202501151204/tools/bin/../lib/gcc/arm-none-eabi/14.2.1/../../../../arm-none-eabi/lib/thumb/v7e-m+fp/hard\libcr_c.a(_fdopen.o)
 .debug_info    0x00010c4c       0x44 C:/nxp/MCUXpressoIDE_25.6.136/ide/plugins/com.nxp.mcuxpresso.tools.win32_25.6.0.202501151204/tools/bin/../lib/gcc/arm-none-eabi/14.2.1/../../../../arm-none-eabi/lib/thumb/v7e-m+fp/hard\libcr_c.a(errno.o)
 .debug_info    0x00010c90      0x31e C:/nxp/MCUXpressoIDE_25.6.136/ide/plugins/com.nxp.mcuxpresso.tools.win32_25.6.0.202501151204/tools/bin/../lib/gcc/arm-none-eabi/14.2.1/../../../../arm-none-eabi/lib/thumb/v7e-m+fp/hard\libcr_c.a(fclose.o)
 .debug_info    0x00010fae      0x209 C:/nxp/MCUXpressoIDE_25.6.136/ide/plugins/com.nxp.mcuxpresso.tools.win32_25.6.0.202501151204/tools/bin/../lib/gcc/arm-none-eabi/14.2.1/../../../../arm-none-eabi/lib/thumb/v7e-m+fp/hard\libcr_c.a(fflush.o)
 .debug_info    0x000111b7      0x276 C:/nxp/MCUXpressoIDE_25.6.136/ide/plugins/com.nxp.mcuxpresso.tools.win32_25.6.0.202501151204/tools/bin/../lib/gcc/arm-none-eabi/14.2.1/../../../../arm-none-eabi/lib/thumb/v7e-m+fp/hard\libcr_c.a(fseek.o)
 .debug_info    0x0001142d      0x197 C:/nxp/MCUXpressoIDE_25.6.136/ide/plugins/com.nxp.mcuxpresso.tools.win32_25.6.0.202501151204/tools/bin/../lib/gcc/arm-none-eabi/14.2.1/../../../../arm-none-eabi/lib/thumb/v7e-m+fp/hard\libcr_c.a(ftell.o)
 .debug_info    0x000115c4      0x1d7 C:/nxp/MCUXpressoIDE_25.6.136/ide/plugins/com.nxp.mcuxpresso.tools.win32_25.6.0.202501151204/tools/bin/../lib/gcc/arm-none-eabi/14.2.1/../../../../arm-none-eabi/lib/thumb/v7e-m+fp/hard\libcr_c.a(remove.o)
 .debug_info    0x0001179b       0x78 C:/nxp/MCUXpressoIDE_25.6.136/ide/plugins/com.nxp.mcuxpresso.tools.win32_25.6.0.202501151204/tools/bin/../lib/gcc/arm-none-eabi/14.2.1/../../../../arm-none-eabi/lib/thumb/v7e-m+fp/hard\libcr_c.a(_cr_check_heap.o)
 .debug_info    0x00011813      0x23a C:/nxp/MCUXpressoIDE_25.6.136/ide/plugins/com.nxp.mcuxpresso.tools.win32_25.6.0.202501151204/tools/bin/../lib/gcc/arm-none-eabi/14.2.1/../../../../arm-none-eabi/lib/thumb/v7e-m+fp/hard\libcr_c.a(_do_fflush.o)
 .debug_info    0x00011a4d      0x1e3 C:/nxp/MCUXpressoIDE_25.6.136/ide/plugins/com.nxp.mcuxpresso.tools.win32_25.6.0.202501151204/tools/bin/../lib/gcc/arm-none-eabi/14.2.1/../../../../arm-none-eabi/lib/thumb/v7e-m+fp/hard\libcr_c.a(_fflush.o)
 .debug_info    0x00011c30      0x289 C:/nxp/MCUXpressoIDE_25.6.136/ide/plugins/com.nxp.mcuxpresso.tools.win32_25.6.0.202501151204/tools/bin/../lib/gcc/arm-none-eabi/14.2.1/../../../../arm-none-eabi/lib/thumb/v7e-m+fp/hard\libcr_c.a(_writebuf.o)
 .debug_info    0x00011eb9      0x396 C:/nxp/MCUXpressoIDE_25.6.136/ide/plugins/com.nxp.mcuxpresso.tools.win32_25.6.0.202501151204/tools/bin/../lib/gcc/arm-none-eabi/14.2.1/../../../../arm-none-eabi/lib/thumb/v7e-m+fp/hard\libcr_c.a(_deferredlazyseek.o)
 .debug_info    0x0001224f      0x18b C:/nxp/MCUXpressoIDE_25.6.136/ide/plugins/com.nxp.mcuxpresso.tools.win32_25.6.0.202501151204/tools/bin/../lib/gcc/arm-none-eabi/14.2.1/../../../../arm-none-eabi/lib/thumb/v7e-m+fp/hard\libcr_nohost_nf.a(__ciob.o)
 .debug_info    0x000123da       0x6a C:/nxp/MCUXpressoIDE_25.6.136/ide/plugins/com.nxp.mcuxpresso.tools.win32_25.6.0.202501151204/tools/bin/../lib/gcc/arm-none-eabi/14.2.1/../../../../arm-none-eabi/lib/thumb/v7e-m+fp/hard\libcr_nohost_nf.a(__sys_close.o)
 .debug_info    0x00012444       0x6a C:/nxp/MCUXpressoIDE_25.6.136/ide/plugins/com.nxp.mcuxpresso.tools.win32_25.6.0.202501151204/tools/bin/../lib/gcc/arm-none-eabi/14.2.1/../../../../arm-none-eabi/lib/thumb/v7e-m+fp/hard\libcr_nohost_nf.a(__sys_flen.o)
 .debug_info    0x000124ae       0x6a C:/nxp/MCUXpressoIDE_25.6.136/ide/plugins/com.nxp.mcuxpresso.tools.win32_25.6.0.202501151204/tools/bin/../lib/gcc/arm-none-eabi/14.2.1/../../../../arm-none-eabi/lib/thumb/v7e-m+fp/hard\libcr_nohost_nf.a(__sys_istty.o)
 .debug_info    0x00012518       0x8a C:/nxp/MCUXpressoIDE_25.6.136/ide/plugins/com.nxp.mcuxpresso.tools.win32_25.6.0.202501151204/tools/bin/../lib/gcc/arm-none-eabi/14.2.1/../../../../arm-none-eabi/lib/thumb/v7e-m+fp/hard\libcr_nohost_nf.a(__sys_remove.o)
 .debug_info    0x000125a2       0x78 C:/nxp/MCUXpressoIDE_25.6.136/ide/plugins/com.nxp.mcuxpresso.tools.win32_25.6.0.202501151204/tools/bin/../lib/gcc/arm-none-eabi/14.2.1/../../../../arm-none-eabi/lib/thumb/v7e-m+fp/hard\libcr_nohost_nf.a(__sys_seek.o)
 .debug_info    0x0001261a       0x93 C:/nxp/MCUXpressoIDE_25.6.136/ide/plugins/com.nxp.mcuxpresso.tools.win32_25.6.0.202501151204/tools/bin/../lib/gcc/arm-none-eabi/14.2.1/../../../../arm-none-eabi/lib/thumb/v7e-m+fp/hard\libcr_nohost_nf.a(__sys_tmpnam.o)
 .debug_info    0x000126ad       0x93 C:/nxp/MCUXpressoIDE_25.6.136/ide/plugins/com.nxp.mcuxpresso.tools.win32_25.6.0.202501151204/tools/bin/../lib/gcc/arm-none-eabi/14.2.1/../../../../arm-none-eabi/lib/thumb/v7e-m+fp/hard\libcr_nohost_nf.a(__sys_write.o)

.debug_abbrev   0x00000000     0x39d0
 .debug_abbrev  0x00000000       0x90 ./utilities/fsl_assert.o
 .debug_abbrev  0x00000090      0x285 ./utilities/fsl_debug_console.o
 .debug_abbrev  0x00000315      0x17a ./startup/startup_mk64f12.o
 .debug_abbrev  0x0000048f      0x2fd ./source/enet_txrx_transfer.o
 .debug_abbrev  0x0000078c       0x31 ./source/semihost_hardfault.o
 .debug_abbrev  0x000007bd      0x1c0 ./phy/fsl_phyksz8081.o
 .debug_abbrev  0x0000097d      0x2b8 ./mdio/fsl_enet_mdio.o
 .debug_abbrev  0x00000c35      0x378 ./drivers/fsl_clock.o
 .debug_abbrev  0x00000fad       0xba ./drivers/fsl_common_arm.o
 .debug_abbrev  0x00001067      0x428 ./drivers/fsl_enet.o
 .debug_abbrev  0x0000148f      0x463 ./drivers/fsl_uart.o
 .debug_abbrev  0x000018f2      0x148 ./device/system_MK64F12.o
 .debug_abbrev  0x00001a3a      0x217 ./component/uart/fsl_adapter_uart.o
 .debug_abbrev  0x00001c51       0xb8 ./board/board.o
 .debug_abbrev  0x00001d09      0x247 ./board/clock_config.o
 .debug_abbrev  0x00001f50      0x22e ./board/pin_mux.o
 .debug_abbrev  0x0000217e       0x70 C:/nxp/MCUXpressoIDE_25.6.136/ide/plugins/com.nxp.mcuxpresso.tools.win32_25.6.0.202501151204/tools/bin/../lib/gcc/arm-none-eabi/14.2.1/../../../../arm-none-eabi/lib/thumb/v7e-m+fp/hard\libcr_nohost_nf.a(_cr__main.o)
 .debug_abbrev  0x000021ee       0xb6 C:/nxp/MCUXpressoIDE_25.6.136/ide/plugins/com.nxp.mcuxpresso.tools.win32_25.6.0.202501151204/tools/bin/../lib/gcc/arm-none-eabi/14.2.1/../../../../arm-none-eabi/lib/thumb/v7e-m+fp/hard\libcr_c.a(memcpy.o)
 .debug_abbrev  0x000022a4       0xa8 C:/nxp/MCUXpressoIDE_25.6.136/ide/plugins/com.nxp.mcuxpresso.tools.win32_25.6.0.202501151204/tools/bin/../lib/gcc/arm-none-eabi/14.2.1/../../../../arm-none-eabi/lib/thumb/v7e-m+fp/hard\libcr_c.a(memset.o)
 .debug_abbrev  0x0000234c      0x284 C:/nxp/MCUXpressoIDE_25.6.136/ide/plugins/com.nxp.mcuxpresso.tools.win32_25.6.0.202501151204/tools/bin/../lib/gcc/arm-none-eabi/14.2.1/../../../../arm-none-eabi/lib/thumb/v7e-m+fp/hard\libcr_c.a(alloc.o)
 .debug_abbrev  0x000025d0      0x169 C:/nxp/MCUXpressoIDE_25.6.136/ide/plugins/com.nxp.mcuxpresso.tools.win32_25.6.0.202501151204/tools/bin/../lib/gcc/arm-none-eabi/14.2.1/../../../../arm-none-eabi/lib/thumb/v7e-m+fp/hard\libcr_c.a(initio.o)
 .debug_abbrev  0x00002739       0xe1 C:/nxp/MCUXpressoIDE_25.6.136/ide/plugins/com.nxp.mcuxpresso.tools.win32_25.6.0.202501151204/tools/bin/../lib/gcc/arm-none-eabi/14.2.1/../../../../arm-none-eabi/lib/thumb/v7e-m+fp/hard\libcr_c.a(setvbuf.o)
 .debug_abbrev  0x0000281a       0xa7 C:/nxp/MCUXpressoIDE_25.6.136/ide/plugins/com.nxp.mcuxpresso.tools.win32_25.6.0.202501151204/tools/bin/../lib/gcc/arm-none-eabi/14.2.1/../../../../arm-none-eabi/lib/thumb/v7e-m+fp/hard\libcr_c.a(strlen.o)
 .debug_abbrev  0x000028c1       0xaf C:/nxp/MCUXpressoIDE_25.6.136/ide/plugins/com.nxp.mcuxpresso.tools.win32_25.6.0.202501151204/tools/bin/../lib/gcc/arm-none-eabi/14.2.1/../../../../arm-none-eabi/lib/thumb/v7e-m+fp/hard\libcr_c.a(__init_alloc.o)
 .debug_abbrev  0x00002970       0xd3 C:/nxp/MCUXpressoIDE_25.6.136/ide/plugins/com.nxp.mcuxpresso.tools.win32_25.6.0.202501151204/tools/bin/../lib/gcc/arm-none-eabi/14.2.1/../../../../arm-none-eabi/lib/thumb/v7e-m+fp/hard\libcr_c.a(_cr_sbrk.o)
 .debug_abbrev  0x00002a43      0x119 C:/nxp/MCUXpressoIDE_25.6.136/ide/plugins/com.nxp.mcuxpresso.tools.win32_25.6.0.202501151204/tools/bin/../lib/gcc/arm-none-eabi/14.2.1/../../../../arm-none-eabi/lib/thumb/v7e-m+fp/hard\libcr_c.a(_fdopen.o)
 .debug_abbrev  0x00002b5c       0x44 C:/nxp/MCUXpressoIDE_25.6.136/ide/plugins/com.nxp.mcuxpresso.tools.win32_25.6.0.202501151204/tools/bin/../lib/gcc/arm-none-eabi/14.2.1/../../../../arm-none-eabi/lib/thumb/v7e-m+fp/hard\libcr_c.a(errno.o)
 .debug_abbrev  0x00002ba0      0x158 C:/nxp/MCUXpressoIDE_25.6.136/ide/plugins/com.nxp.mcuxpresso.tools.win32_25.6.0.202501151204/tools/bin/../lib/gcc/arm-none-eabi/14.2.1/../../../../arm-none-eabi/lib/thumb/v7e-m+fp/hard\libcr_c.a(fclose.o)
 .debug_abbrev  0x00002cf8      0x125 C:/nxp/MCUXpressoIDE_25.6.136/ide/plugins/com.nxp.mcuxpresso.tools.win32_25.6.0.202501151204/tools/bin/../lib/gcc/arm-none-eabi/14.2.1/../../../../arm-none-eabi/lib/thumb/v7e-m+fp/hard\libcr_c.a(fflush.o)
 .debug_abbrev  0x00002e1d      0x11b C:/nxp/MCUXpressoIDE_25.6.136/ide/plugins/com.nxp.mcuxpresso.tools.win32_25.6.0.202501151204/tools/bin/../lib/gcc/arm-none-eabi/14.2.1/../../../../arm-none-eabi/lib/thumb/v7e-m+fp/hard\libcr_c.a(fseek.o)
 .debug_abbrev  0x00002f38       0xc2 C:/nxp/MCUXpressoIDE_25.6.136/ide/plugins/com.nxp.mcuxpresso.tools.win32_25.6.0.202501151204/tools/bin/../lib/gcc/arm-none-eabi/14.2.1/../../../../arm-none-eabi/lib/thumb/v7e-m+fp/hard\libcr_c.a(ftell.o)
 .debug_abbrev  0x00002ffa       0xfb C:/nxp/MCUXpressoIDE_25.6.136/ide/plugins/com.nxp.mcuxpresso.tools.win32_25.6.0.202501151204/tools/bin/../lib/gcc/arm-none-eabi/14.2.1/../../../../arm-none-eabi/lib/thumb/v7e-m+fp/hard\libcr_c.a(remove.o)
 .debug_abbrev  0x000030f5       0x6b C:/nxp/MCUXpressoIDE_25.6.136/ide/plugins/com.nxp.mcuxpresso.tools.win32_25.6.0.202501151204/tools/bin/../lib/gcc/arm-none-eabi/14.2.1/../../../../arm-none-eabi/lib/thumb/v7e-m+fp/hard\libcr_c.a(_cr_check_heap.o)
 .debug_abbrev  0x00003160      0x12c C:/nxp/MCUXpressoIDE_25.6.136/ide/plugins/com.nxp.mcuxpresso.tools.win32_25.6.0.202501151204/tools/bin/../lib/gcc/arm-none-eabi/14.2.1/../../../../arm-none-eabi/lib/thumb/v7e-m+fp/hard\libcr_c.a(_do_fflush.o)
 .debug_abbrev  0x0000328c       0xf1 C:/nxp/MCUXpressoIDE_25.6.136/ide/plugins/com.nxp.mcuxpresso.tools.win32_25.6.0.202501151204/tools/bin/../lib/gcc/arm-none-eabi/14.2.1/../../../../arm-none-eabi/lib/thumb/v7e-m+fp/hard\libcr_c.a(_fflush.o)
 .debug_abbrev  0x0000337d      0x126 C:/nxp/MCUXpressoIDE_25.6.136/ide/plugins/com.nxp.mcuxpresso.tools.win32_25.6.0.202501151204/tools/bin/../lib/gcc/arm-none-eabi/14.2.1/../../../../arm-none-eabi/lib/thumb/v7e-m+fp/hard\libcr_c.a(_writebuf.o)
 .debug_abbrev  0x000034a3      0x18e C:/nxp/MCUXpressoIDE_25.6.136/ide/plugins/com.nxp.mcuxpresso.tools.win32_25.6.0.202501151204/tools/bin/../lib/gcc/arm-none-eabi/14.2.1/../../../../arm-none-eabi/lib/thumb/v7e-m+fp/hard\libcr_c.a(_deferredlazyseek.o)
 .debug_abbrev  0x00003631       0xb5 C:/nxp/MCUXpressoIDE_25.6.136/ide/plugins/com.nxp.mcuxpresso.tools.win32_25.6.0.202501151204/tools/bin/../lib/gcc/arm-none-eabi/14.2.1/../../../../arm-none-eabi/lib/thumb/v7e-m+fp/hard\libcr_nohost_nf.a(__ciob.o)
 .debug_abbrev  0x000036e6       0x5c C:/nxp/MCUXpressoIDE_25.6.136/ide/plugins/com.nxp.mcuxpresso.tools.win32_25.6.0.202501151204/tools/bin/../lib/gcc/arm-none-eabi/14.2.1/../../../../arm-none-eabi/lib/thumb/v7e-m+fp/hard\libcr_nohost_nf.a(__sys_close.o)
 .debug_abbrev  0x00003742       0x5c C:/nxp/MCUXpressoIDE_25.6.136/ide/plugins/com.nxp.mcuxpresso.tools.win32_25.6.0.202501151204/tools/bin/../lib/gcc/arm-none-eabi/14.2.1/../../../../arm-none-eabi/lib/thumb/v7e-m+fp/hard\libcr_nohost_nf.a(__sys_flen.o)
 .debug_abbrev  0x0000379e       0x5c C:/nxp/MCUXpressoIDE_25.6.136/ide/plugins/com.nxp.mcuxpresso.tools.win32_25.6.0.202501151204/tools/bin/../lib/gcc/arm-none-eabi/14.2.1/../../../../arm-none-eabi/lib/thumb/v7e-m+fp/hard\libcr_nohost_nf.a(__sys_istty.o)
 .debug_abbrev  0x000037fa       0x7d C:/nxp/MCUXpressoIDE_25.6.136/ide/plugins/com.nxp.mcuxpresso.tools.win32_25.6.0.202501151204/tools/bin/../lib/gcc/arm-none-eabi/14.2.1/../../../../arm-none-eabi/lib/thumb/v7e-m+fp/hard\libcr_nohost_nf.a(__sys_remove.o)
 .debug_abbrev  0x00003877       0x6d C:/nxp/MCUXpressoIDE_25.6.136/ide/plugins/com.nxp.mcuxpresso.tools.win32_25.6.0.202501151204/tools/bin/../lib/gcc/arm-none-eabi/14.2.1/../../../../arm-none-eabi/lib/thumb/v7e-m+fp/hard\libcr_nohost_nf.a(__sys_seek.o)
 .debug_abbrev  0x000038e4       0x76 C:/nxp/MCUXpressoIDE_25.6.136/ide/plugins/com.nxp.mcuxpresso.tools.win32_25.6.0.202501151204/tools/bin/../lib/gcc/arm-none-eabi/14.2.1/../../../../arm-none-eabi/lib/thumb/v7e-m+fp/hard\libcr_nohost_nf.a(__sys_tmpnam.o)
 .debug_abbrev  0x0000395a       0x76 C:/nxp/MCUXpressoIDE_25.6.136/ide/plugins/com.nxp.mcuxpresso.tools.win32_25.6.0.202501151204/tools/bin/../lib/gcc/arm-none-eabi/14.2.1/../../../../arm-none-eabi/lib/thumb/v7e-m+fp/hard\libcr_nohost_nf.a(__sys_write.o)

.debug_aranges  0x00000000     0x1000
 .debug_aranges
                0x00000000       0x20 ./utilities/fsl_assert.o
 .debug_aranges
                0x00000020       0x78 ./utilities/fsl_debug_console.o
 .debug_aranges
                0x00000098      0x330 ./startup/startup_mk64f12.o
 .debug_aranges
                0x000003c8       0x58 ./source/enet_txrx_transfer.o
 .debug_aranges
                0x00000420       0x20 ./source/semihost_hardfault.o
 .debug_aranges
                0x00000440       0x70 ./phy/fsl_phyksz8081.o
 .debug_aranges
                0x000004b0       0x58 ./mdio/fsl_enet_mdio.o
 .debug_aranges
                0x00000508      0x1f8 ./drivers/fsl_clock.o
 .debug_aranges
                0x00000700       0x28 ./drivers/fsl_common_arm.o
 .debug_aranges
                0x00000728      0x220 ./drivers/fsl_enet.o
 .debug_aranges
                0x00000948      0x1b8 ./drivers/fsl_uart.o
 .debug_aranges
                0x00000b00       0x30 ./device/system_MK64F12.o
 .debug_aranges
                0x00000b30       0x50 ./component/uart/fsl_adapter_uart.o
 .debug_aranges
                0x00000b80       0x20 ./board/board.o
 .debug_aranges
                0x00000ba0       0x58 ./board/clock_config.o
 .debug_aranges
                0x00000bf8       0x40 ./board/pin_mux.o
 .debug_aranges
                0x00000c38       0x20 C:/nxp/MCUXpressoIDE_25.6.136/ide/plugins/com.nxp.mcuxpresso.tools.win32_25.6.0.202501151204/tools/bin/../lib/gcc/arm-none-eabi/14.2.1/../../../../arm-none-eabi/lib/thumb/v7e-m+fp/hard\libcr_nohost_nf.a(_cr__main.o)
 .debug_aranges
                0x00000c58       0x20 C:/nxp/MCUXpressoIDE_25.6.136/ide/plugins/com.nxp.mcuxpresso.tools.win32_25.6.0.202501151204/tools/bin/../lib/gcc/arm-none-eabi/14.2.1/../../../../arm-none-eabi/lib/thumb/v7e-m+fp/hard\libcr_c.a(memcpy.o)
 .debug_aranges
                0x00000c78       0x20 C:/nxp/MCUXpressoIDE_25.6.136/ide/plugins/com.nxp.mcuxpresso.tools.win32_25.6.0.202501151204/tools/bin/../lib/gcc/arm-none-eabi/14.2.1/../../../../arm-none-eabi/lib/thumb/v7e-m+fp/hard\libcr_c.a(memset.o)
 .debug_aranges
                0x00000c98       0x40 C:/nxp/MCUXpressoIDE_25.6.136/ide/plugins/com.nxp.mcuxpresso.tools.win32_25.6.0.202501151204/tools/bin/../lib/gcc/arm-none-eabi/14.2.1/../../../../arm-none-eabi/lib/thumb/v7e-m+fp/hard\libcr_c.a(alloc.o)
 .debug_aranges
                0x00000cd8       0x28 C:/nxp/MCUXpressoIDE_25.6.136/ide/plugins/com.nxp.mcuxpresso.tools.win32_25.6.0.202501151204/tools/bin/../lib/gcc/arm-none-eabi/14.2.1/../../../../arm-none-eabi/lib/thumb/v7e-m+fp/hard\libcr_c.a(initio.o)
 .debug_aranges
                0x00000d00       0x20 C:/nxp/MCUXpressoIDE_25.6.136/ide/plugins/com.nxp.mcuxpresso.tools.win32_25.6.0.202501151204/tools/bin/../lib/gcc/arm-none-eabi/14.2.1/../../../../arm-none-eabi/lib/thumb/v7e-m+fp/hard\libcr_c.a(setvbuf.o)
 .debug_aranges
                0x00000d20       0x20 C:/nxp/MCUXpressoIDE_25.6.136/ide/plugins/com.nxp.mcuxpresso.tools.win32_25.6.0.202501151204/tools/bin/../lib/gcc/arm-none-eabi/14.2.1/../../../../arm-none-eabi/lib/thumb/v7e-m+fp/hard\libcr_c.a(strlen.o)
 .debug_aranges
                0x00000d40       0x20 C:/nxp/MCUXpressoIDE_25.6.136/ide/plugins/com.nxp.mcuxpresso.tools.win32_25.6.0.202501151204/tools/bin/../lib/gcc/arm-none-eabi/14.2.1/../../../../arm-none-eabi/lib/thumb/v7e-m+fp/hard\libcr_c.a(__init_alloc.o)
 .debug_aranges
                0x00000d60       0x20 C:/nxp/MCUXpressoIDE_25.6.136/ide/plugins/com.nxp.mcuxpresso.tools.win32_25.6.0.202501151204/tools/bin/../lib/gcc/arm-none-eabi/14.2.1/../../../../arm-none-eabi/lib/thumb/v7e-m+fp/hard\libcr_c.a(_cr_sbrk.o)
 .debug_aranges
                0x00000d80       0x20 C:/nxp/MCUXpressoIDE_25.6.136/ide/plugins/com.nxp.mcuxpresso.tools.win32_25.6.0.202501151204/tools/bin/../lib/gcc/arm-none-eabi/14.2.1/../../../../arm-none-eabi/lib/thumb/v7e-m+fp/hard\libcr_c.a(_fdopen.o)
 .debug_aranges
                0x00000da0       0x18 C:/nxp/MCUXpressoIDE_25.6.136/ide/plugins/com.nxp.mcuxpresso.tools.win32_25.6.0.202501151204/tools/bin/../lib/gcc/arm-none-eabi/14.2.1/../../../../arm-none-eabi/lib/thumb/v7e-m+fp/hard\libcr_c.a(errno.o)
 .debug_aranges
                0x00000db8       0x20 C:/nxp/MCUXpressoIDE_25.6.136/ide/plugins/com.nxp.mcuxpresso.tools.win32_25.6.0.202501151204/tools/bin/../lib/gcc/arm-none-eabi/14.2.1/../../../../arm-none-eabi/lib/thumb/v7e-m+fp/hard\libcr_c.a(fclose.o)
 .debug_aranges
                0x00000dd8       0x20 C:/nxp/MCUXpressoIDE_25.6.136/ide/plugins/com.nxp.mcuxpresso.tools.win32_25.6.0.202501151204/tools/bin/../lib/gcc/arm-none-eabi/14.2.1/../../../../arm-none-eabi/lib/thumb/v7e-m+fp/hard\libcr_c.a(fflush.o)
 .debug_aranges
                0x00000df8       0x20 C:/nxp/MCUXpressoIDE_25.6.136/ide/plugins/com.nxp.mcuxpresso.tools.win32_25.6.0.202501151204/tools/bin/../lib/gcc/arm-none-eabi/14.2.1/../../../../arm-none-eabi/lib/thumb/v7e-m+fp/hard\libcr_c.a(fseek.o)
 .debug_aranges
                0x00000e18       0x20 C:/nxp/MCUXpressoIDE_25.6.136/ide/plugins/com.nxp.mcuxpresso.tools.win32_25.6.0.202501151204/tools/bin/../lib/gcc/arm-none-eabi/14.2.1/../../../../arm-none-eabi/lib/thumb/v7e-m+fp/hard\libcr_c.a(ftell.o)
 .debug_aranges
                0x00000e38       0x28 C:/nxp/MCUXpressoIDE_25.6.136/ide/plugins/com.nxp.mcuxpresso.tools.win32_25.6.0.202501151204/tools/bin/../lib/gcc/arm-none-eabi/14.2.1/../../../../arm-none-eabi/lib/thumb/v7e-m+fp/hard\libcr_c.a(remove.o)
 .debug_aranges